Archive member included because of file (symbol)

c:/NXP/bstudio_nxp/sdk/JN-SW-4168/Components/Library\libOS_JN516x.a(os.o)
                              c:/NXP/bstudio_nxp/Application/JN-AN-1189-ZigBee-HA-Demo/ColorDimmableLight/Build/os_gen.o (symbol from plugin) (os_vStart)
c:/NXP/bstudio_nxp/sdk/JN-SW-4168/Components/Library\libOS_JN516x.a(os_contirq_JN516x.o)
                              c:/NXP/bstudio_nxp/Application/JN-AN-1189-ZigBee-HA-Demo/ColorDimmableLight/Build/os_irq.o (os_UnclaimedException_W)
c:/NXP/bstudio_nxp/sdk/JN-SW-4168/Components/Library\libPWRM_JN516x.a(pwrm.o)
                              c:/NXP/bstudio_nxp/Application/JN-AN-1189-ZigBee-HA-Demo/ColorDimmableLight/Build/app_start_light.o (symbol from plugin) (PWRM_vInit)
c:/NXP/bstudio_nxp/sdk/JN-SW-4168/Components/Library\libPWRM_JN516x.a(pwrm_setjmp_JN516x.o)
                              pwrm.o (symbol from plugin) (setjmp)
c:/NXP/bstudio_nxp/sdk/JN-SW-4168/Components/Library\libPWRM_JN516x.a(pwrm_cold_start.o)
                              (AppColdStart)
c:/NXP/bstudio_nxp/sdk/JN-SW-4168/Components/Library\libPWRM_JN516x.a(pwrm_warm_start.o)
                              (AppWarmStart)
c:/NXP/bstudio_nxp/sdk/JN-SW-4168/Components/Library\libPDUM_JN516x.a(pdum_nwk.o)
                              c:/NXP/bstudio_nxp/Application/JN-AN-1189-ZigBee-HA-Demo/ColorDimmableLight/Build/pdum_gen.o (symbol from plugin) (pdum_vNPduInit)
c:/NXP/bstudio_nxp/sdk/JN-SW-4168/Components/Library\libPDUM_JN516x.a(pdum_apl.o)
                              c:/NXP/bstudio_nxp/Application/JN-AN-1189-ZigBee-HA-Demo/ColorDimmableLight/Build/appZdpExtraction.o (symbol from plugin) (PDUM_u16APduInstanceReadNBO)
c:/NXP/bstudio_nxp/sdk/JN-SW-4168/Components/Library\libPDUM_JN516x.a(pdum.o)
                              pdum_nwk.o (symbol from plugin) (PDUM_u16SizeNBO)
c:/NXP/bstudio_nxp/sdk/JN-SW-4168/Components/Library\libZPSAPL_JN516x.a(zps_apl_af.o)
                              c:/NXP/bstudio_nxp/Application/JN-AN-1189-ZigBee-HA-Demo/ColorDimmableLight/Build/zha_light_node.o (symbol from plugin) (ZPS_eAplAfInit)
c:/NXP/bstudio_nxp/sdk/JN-SW-4168/Components/Library\libZPSAPL_JN516x.a(zps_apl_af_apsde.o)
                              c:/NXP/bstudio_nxp/Application/JN-AN-1189-ZigBee-HA-Demo/ColorDimmableLight/Build/zps_gen.o (symbol from plugin) (zps_vHandleApsdeDataFragIndNotSupported)
c:/NXP/bstudio_nxp/sdk/JN-SW-4168/Components/Library\libZPSAPL_JN516x.a(zps_apl_task.o)
                              zps_apl_af_apsde.o (symbol from plugin) (zps_vAplAfPostEvent)
c:/NXP/bstudio_nxp/sdk/JN-SW-4168/Components/Library\libZPSAPL_JN516x.a(zps_apl_apsde.o)
                              zps_apl_task.o (symbol from plugin) (ZPS_vAplRegisterApsdeDcfmIndCallbacks)
c:/NXP/bstudio_nxp/sdk/JN-SW-4168/Components/Library\libZPSAPL_JN516x.a(zps_apl_apsme.o)
                              zps_apl_task.o (symbol from plugin) (ZPS_vAplRegisterApsmeDcfmIndCallbacks)
c:/NXP/bstudio_nxp/sdk/JN-SW-4168/Components/Library\libZPSAPL_JN516x.a(zps_apl_aps_nlde.o)
                              zps_apl_task.o (symbol from plugin) (zps_vAplApsHandleNldeDcfmInd)
c:/NXP/bstudio_nxp/sdk/JN-SW-4168/Components/Library\libZPSAPL_JN516x.a(zps_apl_sec.o)
                              zps_apl_task.o (symbol from plugin) (zps_psFindKeyDescr)
c:/NXP/bstudio_nxp/sdk/JN-SW-4168/Components/Library\libZPSAPL_JN516x.a(zps_apl_aib.o)
                              c:/NXP/bstudio_nxp/Application/JN-AN-1189-ZigBee-HA-Demo/ColorDimmableLight/Build/app_zbp_utilities.o (symbol from plugin) (zps_psAplAibGetAib)
c:/NXP/bstudio_nxp/sdk/JN-SW-4168/Components/Library\libZPSAPL_JN516x.a(zps_apl_zdo_nwkmanager.o)
                              zps_apl_apsme.o (symbol from plugin) (zps_vAplSaveRecord)
c:/NXP/bstudio_nxp/sdk/JN-SW-4168/Components/Library\libZPSAPL_JN516x.a(zps_apl_zdo_handle_zdp_event.o)
                              zps_apl_task.o (symbol from plugin) (zps_bAplZdoHandleZdpEvent)
c:/NXP/bstudio_nxp/sdk/JN-SW-4168/Components/Library\libZPSAPL_JN516x.a(zps_apl_zdo_trust_center.o)
                              zps_apl_sec.o (symbol from plugin) (zps_eAplTrustCenterFindDevice)
c:/NXP/bstudio_nxp/sdk/JN-SW-4168/Components/Library\libZPSAPL_JN516x.a(zps_apl_zdo_common.o)
                              zps_apl_zdo_nwkmanager.o (symbol from plugin) (zps_eAplZdoNlmeleaveWrapper)
c:/NXP/bstudio_nxp/sdk/JN-SW-4168/Components/Library\libZPSAPL_JN516x.a(zps_apl_zdo_group.o)
                              c:/NXP/bstudio_nxp/Application/JN-AN-1189-ZigBee-HA-Demo/ColorDimmableLight/Build/GroupsTableManager.o (symbol from plugin) (zps_eAplZdoGroupEndpointAdd)
c:/NXP/bstudio_nxp/sdk/JN-SW-4168/Components/Library\libZPSAPL_JN516x.a(zps_apl_zdo_default_server.o)
                              c:/NXP/bstudio_nxp/Application/JN-AN-1189-ZigBee-HA-Demo/ColorDimmableLight/Build/zps_gen.o (symbol from plugin) (zps_vAplZdoDefaultServerInit)
[...]
Memory Configuration

Name             Origin             Length             Attributes
flash            0x0000000000080000 0x0000000000080000
ram              0x000000000400004c 0x0000000000007fb4
*default*        0x0000000000000000 0xffffffffffffffff

Linker script and memory map

                0x0000000000001770                __stack_size = 0x1770
                0x00000000000007d0                __minimum_heap_size = 0x7d0
START GROUP
LOAD c:/NXP/bstudio_nxp/Application/JN-AN-1189-ZigBee-HA-Demo/ColorDimmableLight/Build/os_gen.o
LOAD C:\Users\asus\AppData\Local\Temp\ccVXzqOU.ltrans0.ltrans.o
LOAD C:\Users\asus\AppData\Local\Temp\ccVXzqOU.ltrans1.ltrans.o
LOAD C:\Users\asus\AppData\Local\Temp\ccVXzqOU.ltrans2.ltrans.o
LOAD C:\Users\asus\AppData\Local\Temp\ccVXzqOU.ltrans3.ltrans.o
LOAD C:\Users\asus\AppData\Local\Temp\ccVXzqOU.ltrans4.ltrans.o
LOAD C:\Users\asus\AppData\Local\Temp\ccVXzqOU.ltrans5.ltrans.o
LOAD C:\Users\asus\AppData\Local\Temp\ccVXzqOU.ltrans6.ltrans.o
LOAD C:\Users\asus\AppData\Local\Temp\ccVXzqOU.ltrans7.ltrans.o
LOAD C:\Users\asus\AppData\Local\Temp\ccVXzqOU.ltrans8.ltrans.o
LOAD C:\Users\asus\AppData\Local\Temp\ccVXzqOU.ltrans9.ltrans.o
LOAD C:\Users\asus\AppData\Local\Temp\ccVXzqOU.ltrans10.ltrans.o
LOAD C:\Users\asus\AppData\Local\Temp\ccVXzqOU.ltrans11.ltrans.o
LOAD C:\Users\asus\AppData\Local\Temp\ccVXzqOU.ltrans12.ltrans.o
LOAD C:\Users\asus\AppData\Local\Temp\ccVXzqOU.ltrans13.ltrans.o
LOAD C:\Users\asus\AppData\Local\Temp\ccVXzqOU.ltrans14.ltrans.o
LOAD C:\Users\asus\AppData\Local\Temp\ccVXzqOU.ltrans15.ltrans.o
LOAD C:\Users\asus\AppData\Local\Temp\ccVXzqOU.ltrans16.ltrans.o
LOAD C:\Users\asus\AppData\Local\Temp\ccVXzqOU.ltrans17.ltrans.o
LOAD C:\Users\asus\AppData\Local\Temp\ccVXzqOU.ltrans18.ltrans.o
LOAD C:\Users\asus\AppData\Local\Temp\ccVXzqOU.ltrans19.ltrans.o
LOAD C:\Users\asus\AppData\Local\Temp\ccVXzqOU.ltrans20.ltrans.o
LOAD C:\Users\asus\AppData\Local\Temp\ccVXzqOU.ltrans21.ltrans.o
LOAD C:\Users\asus\AppData\Local\Temp\ccVXzqOU.ltrans22.ltrans.o
LOAD C:\Users\asus\AppData\Local\Temp\ccVXzqOU.ltrans23.ltrans.o
LOAD C:\Users\asus\AppData\Local\Temp\ccVXzqOU.ltrans24.ltrans.o
LOAD C:\Users\asus\AppData\Local\Temp\ccVXzqOU.ltrans25.ltrans.o
LOAD C:\Users\asus\AppData\Local\Temp\ccVXzqOU.ltrans26.ltrans.o
LOAD C:\Users\asus\AppData\Local\Temp\ccVXzqOU.ltrans27.ltrans.o
LOAD C:\Users\asus\AppData\Local\Temp\ccVXzqOU.ltrans28.ltrans.o
LOAD C:\Users\asus\AppData\Local\Temp\ccVXzqOU.ltrans29.ltrans.o
LOAD C:\Users\asus\AppData\Local\Temp\ccVXzqOU.ltrans30.ltrans.o
LOAD C:\Users\asus\AppData\Local\Temp\ccVXzqOU.ltrans31.ltrans.o
LOAD c:/nxp/bstudio_nxp/sdk/tools/ba-elf-ba2-r36379/bin/../lib/gcc/ba-elf/4.7.4/../../../../ba-elf/lib/mcpu_jn51xx_sizeopt\libc.a
LOAD c:/nxp/bstudio_nxp/sdk/tools/ba-elf-ba2-r36379/bin/../lib/gcc/ba-elf/4.7.4/mcpu_jn51xx_sizeopt\libgcc.a
LOAD c:/nxp/bstudio_nxp/sdk/tools/ba-elf-ba2-r36379/bin/../lib/gcc/ba-elf/4.7.4/../../../../ba-elf/lib/mcpu_jn51xx_sizeopt\libc.a
LOAD c:/NXP/bstudio_nxp/Application/JN-AN-1189-ZigBee-HA-Demo/ColorDimmableLight/Build/os_irq.o
LOAD c:/NXP/bstudio_nxp/Application/JN-AN-1189-ZigBee-HA-Demo/ColorDimmableLight/Build/os_irq_alignment.o
LOAD c:/NXP/bstudio_nxp/Application/JN-AN-1189-ZigBee-HA-Demo/ColorDimmableLight/Build/os_irq_buserror.o
LOAD c:/NXP/bstudio_nxp/Application/JN-AN-1189-ZigBee-HA-Demo/ColorDimmableLight/Build/os_irq_illegalinstruction.o
LOAD c:/NXP/bstudio_nxp/Application/JN-AN-1189-ZigBee-HA-Demo/ColorDimmableLight/Build/os_irq_stackoverflowexception.o
LOAD c:/NXP/bstudio_nxp/Application/JN-AN-1189-ZigBee-HA-Demo/ColorDimmableLight/Build/os_irq_unimplementedmodule.o
LOAD c:/NXP/bstudio_nxp/Application/JN-AN-1189-ZigBee-HA-Demo/ColorDimmableLight/Build/pdum_gen.o
LOAD c:/NXP/bstudio_nxp/Application/JN-AN-1189-ZigBee-HA-Demo/ColorDimmableLight/Build/pdum_apdu.o
LOAD c:/NXP/bstudio_nxp/Application/JN-AN-1189-ZigBee-HA-Demo/ColorDimmableLight/Build/zps_gen.o
LOAD c:/NXP/bstudio_nxp/Application/JN-AN-1189-ZigBee-HA-Demo/ColorDimmableLight/Build/app_timer_driver.o
LOAD c:/NXP/bstudio_nxp/Application/JN-AN-1189-ZigBee-HA-Demo/ColorDimmableLight/Build/app_start_light.o
LOAD c:/NXP/bstudio_nxp/Application/JN-AN-1189-ZigBee-HA-Demo/ColorDimmableLight/Build/app_manage_temperature.o
LOAD c:/NXP/bstudio_nxp/Application/JN-AN-1189-ZigBee-HA-Demo/ColorDimmableLight/Build/app_light_interpolation.o
LOAD c:/NXP/bstudio_nxp/Application/JN-AN-1189-ZigBee-HA-Demo/ColorDimmableLight/Build/app_zbp_utilities.o
LOAD c:/NXP/bstudio_nxp/Application/JN-AN-1189-ZigBee-HA-Demo/ColorDimmableLight/Build/app_exceptions.o
LOAD c:/NXP/bstudio_nxp/Application/JN-AN-1189-ZigBee-HA-Demo/ColorDimmableLight/Build/app_pdm.o
LOAD c:/NXP/bstudio_nxp/Application/JN-AN-1189-ZigBee-HA-Demo/ColorDimmableLight/Build/app_power_on_counter.o
LOAD c:/NXP/bstudio_nxp/Application/JN-AN-1189-ZigBee-HA-Demo/ColorDimmableLight/Build/app_light_effect.o
LOAD c:/NXP/bstudio_nxp/Application/JN-AN-1189-ZigBee-HA-Demo/ColorDimmableLight/Build/App_ColorDimmableLight.o
LOAD c:/NXP/bstudio_nxp/Application/JN-AN-1189-ZigBee-HA-Demo/ColorDimmableLight/Build/zha_light_node.o
LOAD c:/NXP/bstudio_nxp/Application/JN-AN-1189-ZigBee-HA-Demo/ColorDimmableLight/Build/app_zcl_light_task.o
LOAD c:/NXP/bstudio_nxp/Application/JN-AN-1189-ZigBee-HA-Demo/ColorDimmableLight/Build/AgeChildren.o
LOAD c:/NXP/bstudio_nxp/Application/JN-AN-1189-ZigBee-HA-Demo/ColorDimmableLight/Build/app_reporting.o
LOAD c:/NXP/bstudio_nxp/Application/JN-AN-1189-ZigBee-HA-Demo/ColorDimmableLight/Build/app_scenes.o
LOAD c:/NXP/bstudio_nxp/Application/JN-AN-1189-ZigBee-HA-Demo/ColorDimmableLight/Build/appZdpExtraction.o
LOAD c:/NXP/bstudio_nxp/Application/JN-AN-1189-ZigBee-HA-Demo/ColorDimmableLight/Build/appZpsBeaconHandler.o
LOAD c:/NXP/bstudio_nxp/Application/JN-AN-1189-ZigBee-HA-Demo/ColorDimmableLight/Build/haEzFindAndBind.o
LOAD c:/NXP/bstudio_nxp/Application/JN-AN-1189-ZigBee-HA-Demo/ColorDimmableLight/Build/haEzJoin.o
LOAD c:/NXP/bstudio_nxp/Application/JN-AN-1189-ZigBee-HA-Demo/ColorDimmableLight/Build/haKeys.o
LOAD c:/NXP/bstudio_nxp/Application/JN-AN-1189-ZigBee-HA-Demo/ColorDimmableLight/Build/DriverBulb_DR1175.o
LOAD c:/NXP/bstudio_nxp/Application/JN-AN-1189-ZigBee-HA-Demo/ColorDimmableLight/Build/DriverBulb_Shim.o
LOAD c:/NXP/bstudio_nxp/Application/JN-AN-1189-ZigBee-HA-Demo/ColorDimmableLight/Build/Alarms.o
LOAD c:/NXP/bstudio_nxp/Application/JN-AN-1189-ZigBee-HA-Demo/ColorDimmableLight/Build/AlarmsClientCommands.o
LOAD c:/NXP/bstudio_nxp/Application/JN-AN-1189-ZigBee-HA-Demo/ColorDimmableLight/Build/AlarmsCommandHandler.o
LOAD c:/NXP/bstudio_nxp/Application/JN-AN-1189-ZigBee-HA-Demo/ColorDimmableLight/Build/AlarmsServerCommands.o
LOAD c:/NXP/bstudio_nxp/Application/JN-AN-1189-ZigBee-HA-Demo/ColorDimmableLight/Build/AlarmsTableManager.o
LOAD c:/NXP/bstudio_nxp/Application/JN-AN-1189-ZigBee-HA-Demo/ColorDimmableLight/Build/AnalogInputBasic.o
LOAD c:/NXP/bstudio_nxp/Application/JN-AN-1189-ZigBee-HA-Demo/ColorDimmableLight/Build/AnalogOutputBasic.o
LOAD c:/NXP/bstudio_nxp/Application/JN-AN-1189-ZigBee-HA-Demo/ColorDimmableLight/Build/Basic.o
LOAD c:/NXP/bstudio_nxp/Application/JN-AN-1189-ZigBee-HA-Demo/ColorDimmableLight/Build/BasicClientCommands.o
LOAD c:/NXP/bstudio_nxp/Application/JN-AN-1189-ZigBee-HA-Demo/ColorDimmableLight/Build/BasicCommandHandler.o
LOAD c:/NXP/bstudio_nxp/Application/JN-AN-1189-ZigBee-HA-Demo/ColorDimmableLight/Build/BinaryInputBasic.o
LOAD c:/NXP/bstudio_nxp/Application/JN-AN-1189-ZigBee-HA-Demo/ColorDimmableLight/Build/BinaryOutputBasic.o
LOAD c:/NXP/bstudio_nxp/Application/JN-AN-1189-ZigBee-HA-Demo/ColorDimmableLight/Build/Commissioning.o
LOAD c:/NXP/bstudio_nxp/Application/JN-AN-1189-ZigBee-HA-Demo/ColorDimmableLight/Build/DeviceTemperatureConfiguration.o
LOAD c:/NXP/bstudio_nxp/Application/JN-AN-1189-ZigBee-HA-Demo/ColorDimmableLight/Build/Diagnostics.o
LOAD c:/NXP/bstudio_nxp/Application/JN-AN-1189-ZigBee-HA-Demo/ColorDimmableLight/Build/DoorLock.o
LOAD c:/NXP/bstudio_nxp/Application/JN-AN-1189-ZigBee-HA-Demo/ColorDimmableLight/Build/DoorLockCommandHandler.o
LOAD c:/NXP/bstudio_nxp/Application/JN-AN-1189-ZigBee-HA-Demo/ColorDimmableLight/Build/DoorLockCommands.o
LOAD c:/NXP/bstudio_nxp/Application/JN-AN-1189-ZigBee-HA-Demo/ColorDimmableLight/Build/ElectricalMeasurement.o
LOAD c:/NXP/bstudio_nxp/Application/JN-AN-1189-ZigBee-HA-Demo/ColorDimmableLight/Build/Groups.o
LOAD c:/NXP/bstudio_nxp/Application/JN-AN-1189-ZigBee-HA-Demo/ColorDimmableLight/Build/GroupsClientCommands.o
LOAD c:/NXP/bstudio_nxp/Application/JN-AN-1189-ZigBee-HA-Demo/ColorDimmableLight/Build/GroupsCommandHandler.o
LOAD c:/NXP/bstudio_nxp/Application/JN-AN-1189-ZigBee-HA-Demo/ColorDimmableLight/Build/GroupsServerCommands.o
LOAD c:/NXP/bstudio_nxp/Application/JN-AN-1189-ZigBee-HA-Demo/ColorDimmableLight/Build/GroupsTableManager.o
LOAD c:/NXP/bstudio_nxp/Application/JN-AN-1189-ZigBee-HA-Demo/ColorDimmableLight/Build/Identify.o
LOAD c:/NXP/bstudio_nxp/Application/JN-AN-1189-ZigBee-HA-Demo/ColorDimmableLight/Build/IdentifyClientCommands.o
LOAD c:/NXP/bstudio_nxp/Application/JN-AN-1189-ZigBee-HA-Demo/ColorDimmableLight/Build/IdentifyCommandHandler.o
LOAD c:/NXP/bstudio_nxp/Application/JN-AN-1189-ZigBee-HA-Demo/ColorDimmableLight/Build/IdentifyServerCommands.o
LOAD c:/NXP/bstudio_nxp/Application/JN-AN-1189-ZigBee-HA-Demo/ColorDimmableLight/Build/LevelControl.o
LOAD c:/NXP/bstudio_nxp/Application/JN-AN-1189-ZigBee-HA-Demo/ColorDimmableLight/Build/LevelControlClientCommands.o
LOAD c:/NXP/bstudio_nxp/Application/JN-AN-1189-ZigBee-HA-Demo/ColorDimmableLight/Build/LevelControlCommandHandler.o
LOAD c:/NXP/bstudio_nxp/Application/JN-AN-1189-ZigBee-HA-Demo/ColorDimmableLight/Build/MultistateInputBasic.o
LOAD c:/NXP/bstudio_nxp/Application/JN-AN-1189-ZigBee-HA-Demo/ColorDimmableLight/Build/MultistateOutputBasic.o
LOAD c:/NXP/bstudio_nxp/Application/JN-AN-1189-ZigBee-HA-Demo/ColorDimmableLight/Build/OOSC.o
LOAD c:/NXP/bstudio_nxp/Application/JN-AN-1189-ZigBee-HA-Demo/ColorDimmableLight/Build/OnOff.o
LOAD c:/NXP/bstudio_nxp/Application/JN-AN-1189-ZigBee-HA-Demo/ColorDimmableLight/Build/OnOffCommandHandler.o
LOAD c:/NXP/bstudio_nxp/Application/JN-AN-1189-ZigBee-HA-Demo/ColorDimmableLight/Build/OnOffCommands.o
LOAD c:/NXP/bstudio_nxp/Application/JN-AN-1189-ZigBee-HA-Demo/ColorDimmableLight/Build/PollControl.o
LOAD c:/NXP/bstudio_nxp/Application/JN-AN-1189-ZigBee-HA-Demo/ColorDimmableLight/Build/PollControlClientCommands.o
LOAD c:/NXP/bstudio_nxp/Application/JN-AN-1189-ZigBee-HA-Demo/ColorDimmableLight/Build/PollControlCommandHandler.o
LOAD c:/NXP/bstudio_nxp/Application/JN-AN-1189-ZigBee-HA-Demo/ColorDimmableLight/Build/PollControlServerCommands.o
LOAD c:/NXP/bstudio_nxp/Application/JN-AN-1189-ZigBee-HA-Demo/ColorDimmableLight/Build/PowerConfiguration.o
LOAD c:/NXP/bstudio_nxp/Application/JN-AN-1189-ZigBee-HA-Demo/ColorDimmableLight/Build/Scenes.o
LOAD c:/NXP/bstudio_nxp/Application/JN-AN-1189-ZigBee-HA-Demo/ColorDimmableLight/Build/ScenesClientCommands.o
LOAD c:/NXP/bstudio_nxp/Application/JN-AN-1189-ZigBee-HA-Demo/ColorDimmableLight/Build/ScenesClusterManagement.o
LOAD c:/NXP/bstudio_nxp/Application/JN-AN-1189-ZigBee-HA-Demo/ColorDimmableLight/Build/ScenesCommandHandler.o
LOAD c:/NXP/bstudio_nxp/Application/JN-AN-1189-ZigBee-HA-Demo/ColorDimmableLight/Build/ScenesServerCommands.o
LOAD c:/NXP/bstudio_nxp/Application/JN-AN-1189-ZigBee-HA-Demo/ColorDimmableLight/Build/ScenesTableManager.o
LOAD c:/NXP/bstudio_nxp/Application/JN-AN-1189-ZigBee-HA-Demo/ColorDimmableLight/Build/TC.o
LOAD c:/NXP/bstudio_nxp/Application/JN-AN-1189-ZigBee-HA-Demo/ColorDimmableLight/Build/Time.o
LOAD c:/NXP/bstudio_nxp/Application/JN-AN-1189-ZigBee-HA-Demo/ColorDimmableLight/Build/FlowMeasurement.o
LOAD c:/NXP/bstudio_nxp/Application/JN-AN-1189-ZigBee-HA-Demo/ColorDimmableLight/Build/IlluminanceLevelSensing.o
LOAD c:/NXP/bstudio_nxp/Application/JN-AN-1189-ZigBee-HA-Demo/ColorDimmableLight/Build/IlluminanceMeasurement.o
LOAD c:/NXP/bstudio_nxp/Application/JN-AN-1189-ZigBee-HA-Demo/ColorDimmableLight/Build/OccupancySensing.o
LOAD c:/NXP/bstudio_nxp/Application/JN-AN-1189-ZigBee-HA-Demo/ColorDimmableLight/Build/PressureMeasurement.o
LOAD c:/NXP/bstudio_nxp/Application/JN-AN-1189-ZigBee-HA-Demo/ColorDimmableLight/Build/RelativeHumidityMeasurement.o
LOAD c:/NXP/bstudio_nxp/Application/JN-AN-1189-ZigBee-HA-Demo/ColorDimmableLight/Build/TemperatureMeasurement.o
LOAD c:/NXP/bstudio_nxp/Application/JN-AN-1189-ZigBee-HA-Demo/ColorDimmableLight/Build/BallastConfiguration.o
LOAD c:/NXP/bstudio_nxp/Application/JN-AN-1189-ZigBee-HA-Demo/ColorDimmableLight/Build/ColourControl.o
LOAD c:/NXP/bstudio_nxp/Application/JN-AN-1189-ZigBee-HA-Demo/ColorDimmableLight/Build/ColourControlClientCommands.o
LOAD c:/NXP/bstudio_nxp/Application/JN-AN-1189-ZigBee-HA-Demo/ColorDimmableLight/Build/ColourControlCommandHandler.o
LOAD c:/NXP/bstudio_nxp/Application/JN-AN-1189-ZigBee-HA-Demo/ColorDimmableLight/Build/ColourControlConversions.o
LOAD c:/NXP/bstudio_nxp/Application/JN-AN-1189-ZigBee-HA-Demo/ColorDimmableLight/Build/colour_dimmable_light.o
LOAD c:/NXP/bstudio_nxp/Application/JN-AN-1189-ZigBee-HA-Demo/ColorDimmableLight/Build/colour_dimmer_switch.o
LOAD c:/NXP/bstudio_nxp/Application/JN-AN-1189-ZigBee-HA-Demo/ColorDimmableLight/Build/dimmable_light.o
LOAD c:/NXP/bstudio_nxp/Application/JN-AN-1189-ZigBee-HA-Demo/ColorDimmableLight/Build/dimmer_switch.o
LOAD c:/NXP/bstudio_nxp/Application/JN-AN-1189-ZigBee-HA-Demo/ColorDimmableLight/Build/light_sensor.o
LOAD c:/NXP/bstudio_nxp/Application/JN-AN-1189-ZigBee-HA-Demo/ColorDimmableLight/Build/occupancy_sensor.o
LOAD c:/NXP/bstudio_nxp/Application/JN-AN-1189-ZigBee-HA-Demo/ColorDimmableLight/Build/on_off_light.o
LOAD c:/NXP/bstudio_nxp/Application/JN-AN-1189-ZigBee-HA-Demo/ColorDimmableLight/Build/on_off_light_switch.o
LOAD c:/NXP/bstudio_nxp/Application/JN-AN-1189-ZigBee-HA-Demo/ColorDimmableLight/Build/ha.o
LOAD c:/NXP/bstudio_nxp/Application/JN-AN-1189-ZigBee-HA-Demo/ColorDimmableLight/Build/door_lock.o
LOAD c:/NXP/bstudio_nxp/Application/JN-AN-1189-ZigBee-HA-Demo/ColorDimmableLight/Build/door_lock_controller.o
LOAD c:/NXP/bstudio_nxp/Application/JN-AN-1189-ZigBee-HA-Demo/ColorDimmableLight/Build/mains_power_outlet.o
LOAD c:/NXP/bstudio_nxp/Application/JN-AN-1189-ZigBee-HA-Demo/ColorDimmableLight/Build/on_off_output.o
LOAD c:/NXP/bstudio_nxp/Application/JN-AN-1189-ZigBee-HA-Demo/ColorDimmableLight/Build/on_off_switch.o
LOAD c:/NXP/bstudio_nxp/Application/JN-AN-1189-ZigBee-HA-Demo/ColorDimmableLight/Build/plug_control.o
LOAD c:/NXP/bstudio_nxp/Application/JN-AN-1189-ZigBee-HA-Demo/ColorDimmableLight/Build/remote_control.o
LOAD c:/NXP/bstudio_nxp/Application/JN-AN-1189-ZigBee-HA-Demo/ColorDimmableLight/Build/simple_sensor.o
LOAD c:/NXP/bstudio_nxp/Application/JN-AN-1189-ZigBee-HA-Demo/ColorDimmableLight/Build/smart_plug.o
LOAD c:/NXP/bstudio_nxp/Application/JN-AN-1189-ZigBee-HA-Demo/ColorDimmableLight/Build/DRLC.o
LOAD c:/NXP/bstudio_nxp/Application/JN-AN-1189-ZigBee-HA-Demo/ColorDimmableLight/Build/DRLCCommandCanceAlllLoadControlEvents.o
LOAD c:/NXP/bstudio_nxp/Application/JN-AN-1189-ZigBee-HA-Demo/ColorDimmableLight/Build/DRLCCommandCancelLoadControlEvent.o
LOAD c:/NXP/bstudio_nxp/Application/JN-AN-1189-ZigBee-HA-Demo/ColorDimmableLight/Build/DRLCCommandGetScheduledEvents.o
LOAD c:/NXP/bstudio_nxp/Application/JN-AN-1189-ZigBee-HA-Demo/ColorDimmableLight/Build/DRLCCommandHandler.o
LOAD c:/NXP/bstudio_nxp/Application/JN-AN-1189-ZigBee-HA-Demo/ColorDimmableLight/Build/DRLCCommandLoadControlEvent.o
LOAD c:/NXP/bstudio_nxp/Application/JN-AN-1189-ZigBee-HA-Demo/ColorDimmableLight/Build/DRLCCommandReportEventStatus.o
LOAD c:/NXP/bstudio_nxp/Application/JN-AN-1189-ZigBee-HA-Demo/ColorDimmableLight/Build/DRLCCustomCommandResponsesClient.o
LOAD c:/NXP/bstudio_nxp/Application/JN-AN-1189-ZigBee-HA-Demo/ColorDimmableLight/Build/DRLCCustomCommandResponsesServer.o
LOAD c:/NXP/bstudio_nxp/Application/JN-AN-1189-ZigBee-HA-Demo/ColorDimmableLight/Build/DRLCEffectiveTime.o
LOAD c:/NXP/bstudio_nxp/Application/JN-AN-1189-ZigBee-HA-Demo/ColorDimmableLight/Build/DRLCScheduler.o
LOAD c:/NXP/bstudio_nxp/Application/JN-AN-1189-ZigBee-HA-Demo/ColorDimmableLight/Build/DRLCTableManagerNoMutex.o
LOAD c:/NXP/bstudio_nxp/Application/JN-AN-1189-ZigBee-HA-Demo/ColorDimmableLight/Build/DRLCTableManagerServer.o
LOAD c:/NXP/bstudio_nxp/Application/JN-AN-1189-ZigBee-HA-Demo/ColorDimmableLight/Build/DRLCUserEventOptInOut.o
LOAD c:/NXP/bstudio_nxp/Application/JN-AN-1189-ZigBee-HA-Demo/ColorDimmableLight/Build/Price.o
LOAD c:/NXP/bstudio_nxp/Application/JN-AN-1189-ZigBee-HA-Demo/ColorDimmableLight/Build/PriceBlockPeriodTableManager.o
LOAD c:/NXP/bstudio_nxp/Application/JN-AN-1189-ZigBee-HA-Demo/ColorDimmableLight/Build/PriceCalorificValueTableManager.o
LOAD c:/NXP/bstudio_nxp/Application/JN-AN-1189-ZigBee-HA-Demo/ColorDimmableLight/Build/PriceCommandGetBlockPeriod.o
LOAD c:/NXP/bstudio_nxp/Application/JN-AN-1189-ZigBee-HA-Demo/ColorDimmableLight/Build/PriceCommandGetCalorificValue.o
LOAD c:/NXP/bstudio_nxp/Application/JN-AN-1189-ZigBee-HA-Demo/ColorDimmableLight/Build/PriceCommandGetConversionFactor.o
LOAD c:/NXP/bstudio_nxp/Application/JN-AN-1189-ZigBee-HA-Demo/ColorDimmableLight/Build/PriceCommandGetCurrentPrice.o
LOAD c:/NXP/bstudio_nxp/Application/JN-AN-1189-ZigBee-HA-Demo/ColorDimmableLight/Build/PriceCommandGetScheduledPrices.o
LOAD c:/NXP/bstudio_nxp/Application/JN-AN-1189-ZigBee-HA-Demo/ColorDimmableLight/Build/PriceCommandPriceAck.o
LOAD c:/NXP/bstudio_nxp/Application/JN-AN-1189-ZigBee-HA-Demo/ColorDimmableLight/Build/PriceCommandPublishBlockPeriod.o
LOAD c:/NXP/bstudio_nxp/Application/JN-AN-1189-ZigBee-HA-Demo/ColorDimmableLight/Build/PriceCommandPublishBlockPeriodReceive.o
LOAD c:/NXP/bstudio_nxp/Application/JN-AN-1189-ZigBee-HA-Demo/ColorDimmableLight/Build/PriceCommandPublishCalorificValue.o
LOAD c:/NXP/bstudio_nxp/Application/JN-AN-1189-ZigBee-HA-Demo/ColorDimmableLight/Build/PriceCommandPublishCalorificValueReceive.o
LOAD c:/NXP/bstudio_nxp/Application/JN-AN-1189-ZigBee-HA-Demo/ColorDimmableLight/Build/PriceCommandPublishConversionFactor.o
LOAD c:/NXP/bstudio_nxp/Application/JN-AN-1189-ZigBee-HA-Demo/ColorDimmableLight/Build/PriceCommandPublishConversionFactorReceive.o
LOAD c:/NXP/bstudio_nxp/Application/JN-AN-1189-ZigBee-HA-Demo/ColorDimmableLight/Build/PriceCommandPublishPrice.o
LOAD c:/NXP/bstudio_nxp/Application/JN-AN-1189-ZigBee-HA-Demo/ColorDimmableLight/Build/PriceCommandPublishPriceReceive.o
LOAD c:/NXP/bstudio_nxp/Application/JN-AN-1189-ZigBee-HA-Demo/ColorDimmableLight/Build/PriceConversionFactorTableManager.o
LOAD c:/NXP/bstudio_nxp/Application/JN-AN-1189-ZigBee-HA-Demo/ColorDimmableLight/Build/PriceCustomCommandHandler.o
LOAD c:/NXP/bstudio_nxp/Application/JN-AN-1189-ZigBee-HA-Demo/ColorDimmableLight/Build/PriceCustomCommandResponses.o
LOAD c:/NXP/bstudio_nxp/Application/JN-AN-1189-ZigBee-HA-Demo/ColorDimmableLight/Build/PriceScheduler.o
LOAD c:/NXP/bstudio_nxp/Application/JN-AN-1189-ZigBee-HA-Demo/ColorDimmableLight/Build/PriceServerAttributeManager.o
LOAD c:/NXP/bstudio_nxp/Application/JN-AN-1189-ZigBee-HA-Demo/ColorDimmableLight/Build/PriceTableManager.o
LOAD c:/NXP/bstudio_nxp/Application/JN-AN-1189-ZigBee-HA-Demo/ColorDimmableLight/Build/SimpleMetering.o
LOAD c:/NXP/bstudio_nxp/Application/JN-AN-1189-ZigBee-HA-Demo/ColorDimmableLight/Build/SimpleMeteringCommandHandler.o
LOAD c:/NXP/bstudio_nxp/Application/JN-AN-1189-ZigBee-HA-Demo/ColorDimmableLight/Build/SimpleMetering_SendRequest.o
LOAD c:/NXP/bstudio_nxp/Application/JN-AN-1189-ZigBee-HA-Demo/ColorDimmableLight/Build/dlist.o
LOAD c:/NXP/bstudio_nxp/Application/JN-AN-1189-ZigBee-HA-Demo/ColorDimmableLight/Build/zcl.o
LOAD c:/NXP/bstudio_nxp/Application/JN-AN-1189-ZigBee-HA-Demo/ColorDimmableLight/Build/zcl_CustomCommandReceive.o
LOAD c:/NXP/bstudio_nxp/Application/JN-AN-1189-ZigBee-HA-Demo/ColorDimmableLight/Build/zcl_CustomCommandSend.o
LOAD c:/NXP/bstudio_nxp/Application/JN-AN-1189-ZigBee-HA-Demo/ColorDimmableLight/Build/zcl_PDUbufferReadWrite.o
LOAD c:/NXP/bstudio_nxp/Application/JN-AN-1189-ZigBee-HA-Demo/ColorDimmableLight/Build/zcl_PDUbufferReadWriteString.o
LOAD c:/NXP/bstudio_nxp/Application/JN-AN-1189-ZigBee-HA-Demo/ColorDimmableLight/Build/zcl_WriteAttributesRequestHandle.o
LOAD c:/NXP/bstudio_nxp/Application/JN-AN-1189-ZigBee-HA-Demo/ColorDimmableLight/Build/zcl_WriteAttributesRequestSend.o
LOAD c:/NXP/bstudio_nxp/Application/JN-AN-1189-ZigBee-HA-Demo/ColorDimmableLight/Build/zcl_WriteAttributesResponseHandle.o
LOAD c:/NXP/bstudio_nxp/Application/JN-AN-1189-ZigBee-HA-Demo/ColorDimmableLight/Build/zcl_attribute.o
LOAD c:/NXP/bstudio_nxp/Application/JN-AN-1189-ZigBee-HA-Demo/ColorDimmableLight/Build/zcl_buffer.o
LOAD c:/NXP/bstudio_nxp/Application/JN-AN-1189-ZigBee-HA-Demo/ColorDimmableLight/Build/zcl_clusterCommand.o
LOAD c:/NXP/bstudio_nxp/Application/JN-AN-1189-ZigBee-HA-Demo/ColorDimmableLight/Build/zcl_command.o
LOAD c:/NXP/bstudio_nxp/Application/JN-AN-1189-ZigBee-HA-Demo/ColorDimmableLight/Build/zcl_configureReportingCommandHandle.o
LOAD c:/NXP/bstudio_nxp/Application/JN-AN-1189-ZigBee-HA-Demo/ColorDimmableLight/Build/zcl_configureReportingCommandSend.o
LOAD c:/NXP/bstudio_nxp/Application/JN-AN-1189-ZigBee-HA-Demo/ColorDimmableLight/Build/zcl_configureReportingResponseHandle.o
LOAD c:/NXP/bstudio_nxp/Application/JN-AN-1189-ZigBee-HA-Demo/ColorDimmableLight/Build/zcl_defaultResponse.o
LOAD c:/NXP/bstudio_nxp/Application/JN-AN-1189-ZigBee-HA-Demo/ColorDimmableLight/Build/zcl_discoverAttributesExtendedRequestHandle.o
LOAD c:/NXP/bstudio_nxp/Application/JN-AN-1189-ZigBee-HA-Demo/ColorDimmableLight/Build/zcl_discoverAttributesExtendedRequestSend.o
LOAD c:/NXP/bstudio_nxp/Application/JN-AN-1189-ZigBee-HA-Demo/ColorDimmableLight/Build/zcl_discoverAttributesExtendedResponseHandle.o
LOAD c:/NXP/bstudio_nxp/Application/JN-AN-1189-ZigBee-HA-Demo/ColorDimmableLight/Build/zcl_discoverAttributesRequestHandle.o
LOAD c:/NXP/bstudio_nxp/Application/JN-AN-1189-ZigBee-HA-Demo/ColorDimmableLight/Build/zcl_discoverAttributesRequestSend.o
LOAD c:/NXP/bstudio_nxp/Application/JN-AN-1189-ZigBee-HA-Demo/ColorDimmableLight/Build/zcl_discoverAttributesResponseHandle.o
LOAD c:/NXP/bstudio_nxp/Application/JN-AN-1189-ZigBee-HA-Demo/ColorDimmableLight/Build/zcl_discoverCommandsRequestHandle.o
LOAD c:/NXP/bstudio_nxp/Application/JN-AN-1189-ZigBee-HA-Demo/ColorDimmableLight/Build/zcl_discoverCommandsRequestSend.o
LOAD c:/NXP/bstudio_nxp/Application/JN-AN-1189-ZigBee-HA-Demo/ColorDimmableLight/Build/zcl_discoverCommandsResponseHandle.o
LOAD c:/NXP/bstudio_nxp/Application/JN-AN-1189-ZigBee-HA-Demo/ColorDimmableLight/Build/zcl_event.o
LOAD c:/NXP/bstudio_nxp/Application/JN-AN-1189-ZigBee-HA-Demo/ColorDimmableLight/Build/zcl_heap.o
LOAD c:/NXP/bstudio_nxp/Application/JN-AN-1189-ZigBee-HA-Demo/ColorDimmableLight/Build/zcl_library_options.o
LOAD c:/NXP/bstudio_nxp/Application/JN-AN-1189-ZigBee-HA-Demo/ColorDimmableLight/Build/zcl_readAttributesRequestHandle.o
LOAD c:/NXP/bstudio_nxp/Application/JN-AN-1189-ZigBee-HA-Demo/ColorDimmableLight/Build/zcl_readAttributesRequestSend.o
LOAD c:/NXP/bstudio_nxp/Application/JN-AN-1189-ZigBee-HA-Demo/ColorDimmableLight/Build/zcl_readAttributesResponseHandle.o
LOAD c:/NXP/bstudio_nxp/Application/JN-AN-1189-ZigBee-HA-Demo/ColorDimmableLight/Build/zcl_readReportingConfigurationCommandHandle.o
LOAD c:/NXP/bstudio_nxp/Application/JN-AN-1189-ZigBee-HA-Demo/ColorDimmableLight/Build/zcl_readReportingConfigurationCommandSend.o
LOAD c:/NXP/bstudio_nxp/Application/JN-AN-1189-ZigBee-HA-Demo/ColorDimmableLight/Build/zcl_readReportingConfigurationResponseHandle.o
LOAD c:/NXP/bstudio_nxp/Application/JN-AN-1189-ZigBee-HA-Demo/ColorDimmableLight/Build/zcl_reportManager.o
LOAD c:/NXP/bstudio_nxp/Application/JN-AN-1189-ZigBee-HA-Demo/ColorDimmableLight/Build/zcl_reportMaths.o
LOAD c:/NXP/bstudio_nxp/Application/JN-AN-1189-ZigBee-HA-Demo/ColorDimmableLight/Build/zcl_reportScheduler.o
LOAD c:/NXP/bstudio_nxp/Application/JN-AN-1189-ZigBee-HA-Demo/ColorDimmableLight/Build/zcl_reportStringHandling.o
LOAD c:/NXP/bstudio_nxp/Application/JN-AN-1189-ZigBee-HA-Demo/ColorDimmableLight/Build/zcl_reportStructure.o
LOAD c:/NXP/bstudio_nxp/Application/JN-AN-1189-ZigBee-HA-Demo/ColorDimmableLight/Build/zcl_search.o
LOAD c:/NXP/bstudio_nxp/Application/JN-AN-1189-ZigBee-HA-Demo/ColorDimmableLight/Build/zcl_timer.o
LOAD c:/NXP/bstudio_nxp/Application/JN-AN-1189-ZigBee-HA-Demo/ColorDimmableLight/Build/zcl_transmit.o
LOAD c:/NXP/bstudio_nxp/sdk/JN-SW-4168/Components/Library\libZPSMAC_Mini_JN516x.a
LOAD c:/NXP/bstudio_nxp/sdk/JN-SW-4168/Components/Library\libOS_JN516x.a
LOAD c:/NXP/bstudio_nxp/sdk/JN-SW-4168/Components/Library\libPWRM_JN516x.a
LOAD c:/NXP/bstudio_nxp/sdk/JN-SW-4168/Components/Library\libZPSTSV_JN516x.a
LOAD c:/NXP/bstudio_nxp/sdk/JN-SW-4168/Components/Library\libAES_SW_JN516x.a
LOAD c:/NXP/bstudio_nxp/sdk/JN-SW-4168/Components/Library\libPDUM_JN516x.a
LOAD c:/NXP/bstudio_nxp/sdk/JN-SW-4168/Components/Library\libZPSAPL_JN516x.a
LOAD c:/NXP/bstudio_nxp/sdk/JN-SW-4168/Components/Library\libRandom_JN516x.a
LOAD c:/NXP/bstudio_nxp/sdk/JN-SW-4168/Components/Library\libPDM_EEPROM_JN516x.a
LOAD c:/NXP/bstudio_nxp/sdk/JN-SW-4168/Components/Library\libDBG_JN516x.a
LOAD c:/NXP/bstudio_nxp/sdk/JN-SW-4168/Components/Library\libZPSNWK_JN516x.a
LOAD c:/NXP/bstudio_nxp/sdk/JN-SW-4168/Components/Library\libRecal_JN516x.a
LOAD c:/NXP/bstudio_nxp/sdk/JN-SW-4168/Components/Library\libMiniMac_JN5169.a
LOAD c:/NXP/bstudio_nxp/sdk/JN-SW-4168/Components/Library\libMiniMacShim_JN516x.a
LOAD c:/NXP/bstudio_nxp/sdk/JN-SW-4168/Components/Library\libMMAC_JN5169.a
LOAD c:/NXP/bstudio_nxp/sdk/JN-SW-4168/Components/Library\libJPT_JN5169.a
LOAD c:/NXP/bstudio_nxp/sdk/JN-SW-4168/Components/Library\libAes_JN516x.a
LOAD c:/NXP/bstudio_nxp/sdk/JN-SW-4168/Components/Library\libHardwareApi_JN5169.a
LOAD c:/NXP/bstudio_nxp/sdk/JN-SW-4168/Components/Library\libMicroSpecific_JN516x.a
LOAD c:/NXP/bstudio_nxp/sdk/JN-SW-4168/Components/Library\libBoot_JN516x.a
LOAD c:/NXP/bstudio_nxp/sdk/JN-SW-4168/Platform/DK4/Library\libBoardLib_JN516x.a
LOAD c:/nxp/bstudio_nxp/sdk/tools/ba-elf-ba2-r36379/bin/../lib/gcc/ba-elf/4.7.4/../../../../ba-elf/lib/mcpu_jn51xx_sizeopt\libm.a
END GROUP
LOAD c:/nxp/bstudio_nxp/sdk/tools/ba-elf-ba2-r36379/bin/../lib/gcc/ba-elf/4.7.4/../../../../ba-elf/lib/mcpu_jn51xx_sizeopt\libc.a
LOAD c:/nxp/bstudio_nxp/sdk/tools/ba-elf-ba2-r36379/bin/../lib/gcc/ba-elf/4.7.4/mcpu_jn51xx_sizeopt\libgcc.a
LOAD c:/nxp/bstudio_nxp/sdk/tools/ba-elf-ba2-r36379/bin/../lib/gcc/ba-elf/4.7.4/../../../../ba-elf/lib/mcpu_jn51xx_sizeopt\libc.a
                0x0000000000080038                exception_vsr_table = 0x80038
                0x0000000004000000                pSPIflashFncTable = 0x4000000
                0x0000000000000044                restore_state = 0x44
                0x000000000000004a                bZSPIWaitWIPClear = 0x4a
                0x0000000000000050                u16ZSPIflashRDID = 0x50
                0x0000000000000056                u8SelectFlashChipType = 0x56
                0x000000000000005c                memcpy = 0x5c
                0x0000000000000066                vBootFlashProg = 0x66
                [0x00000000000007d0]                __minimum_heap_size = DEFINED (__minimum_heap_size)?__minimum_heap_size:0xd16
                [0x0000000000001770]                __stack_size = DEFINED (__stack_size)?__stack_size:0x800
                0x0000000000000000                _SwConfig = (DEFINED (g_bSWConf_Debug) | (DEFINED (g_bSWConf_AltDebugPort) << 0x1))

.version        0x000000000007fffc        0x4
                0x000000000007fffc        0x4 LONG 0xf03000b

.bir            0x0000000000080000       0x10
                0x0000000000080000                _flash_start = ABSOLUTE (.)
                0x0000000000080000                _flash_beg = ABSOLUTE (.)
                0x0000000000080000        0x4 LONG 0x12345678
                0x0000000000080004        0x4 LONG 0x11223344
                0x0000000000080008        0x4 LONG 0x55667788
                0x000000000008000c        0x1 BYTE 0x8
                0x000000000008000d        0x1 BYTE 0x1
                0x000000000008000e        0x2 SHORT 0x0

.flashheader    0x0000000000080010       0x28
                0x0000000000080010        0x4 LONG 0x0
                0x0000000000080014        0x4 LONG 0x0
                0x0000000000080018        0x4 LONG 0x0
                0x000000000008001c        0x2 SHORT 0x0
                0x000000000008001e        0x2 SHORT 0x0 ABSOLUTE (_SwConfig)
                0x0000000000080020                _enc_start = ABSOLUTE (.)
                0x0000000000080020        0x4 LONG 0x27a68 ABSOLUTE (_image_len)
                0x0000000000080024        0x4 LONG 0xa7128 ABSOLUTE (_flash_data_start)
                0x0000000000080028        0x2 SHORT 0x13 ((ABSOLUTE (_ram_data_start) / 0x4) & 0xffff)
                0x000000000008002a        0x2 SHORT 0x250 ((ABSOLUTE (_ram_data_len) / 0x4) & 0xffff)
                0x000000000008002c        0x2 SHORT 0x263 ((ABSOLUTE (_bss_start) / 0x4) & 0xffff)
                0x000000000008002e        0x2 SHORT 0xf0d ((ABSOLUTE (_bss_len) / 0x4) & 0xffff)
                0x0000000000080030        0x4 LONG 0xa2844 ABSOLUTE (AppWarmStart)
                0x0000000000080034        0x4 LONG 0xa285e ABSOLUTE (AppColdStart)
                0x0000000000000000                _enc_offset = (_enc_start & 0xf)

.ro_mac_address
                0x0000000000080040        0x0
                0x0000000000080040                _FlsMACAddress = ABSOLUTE (.)
 *(.ro_mac_address)
                0x0000000000080040                . = ALIGN (0x10)

.ro_ota_header  0x0000000000080040        0x0
                0x0000000000080040                _FlsOtaHeader = ABSOLUTE (.)
 *(.ro_ota_header)
                0x0000000000080040                . = ALIGN (0x10)

.ro_se_lnkKey   0x0000000000080040        0x0
                0x0000000000080040                _FlsLinkKey = ABSOLUTE (.)
 *(.ro_se_lnkKey)
                0x0000000000080040                . = ALIGN (0x10)

.rodata         0x0000000000080038      0xba1
 *(.rodata*)
 .rodata        0x0000000000080038       0x18 C:\Users\asus\AppData\Local\Temp\ccVXzqOU.ltrans0.ltrans.o
                0x0000000000080038                psAplDefaultZLLAPSLinkKey
                0x000000000008003c                gMAC_u8MaxBuffers
                0x0000000000080040                g_u32ApsFcSaveCountBitShift
                0x0000000000080044                u8MaxZpsConfigEp
                0x0000000000080045                au8EpMapPresent
                0x0000000000080048                s_groupPdmTable
 .rodata        0x0000000000080050       0x40 C:\Users\asus\AppData\Local\Temp\ccVXzqOU.ltrans1.ltrans.o
 .rodata.str1.1
                0x0000000000000000        0x0 C:\Users\asus\AppData\Local\Temp\ccVXzqOU.ltrans1.ltrans.o
                                          0x8 (size before relaxing)
 .rodata.str1.1
                0x0000000000080090        0x5 C:\Users\asus\AppData\Local\Temp\ccVXzqOU.ltrans2.ltrans.o
                                          0x8 (size before relaxing)
 .rodata        0x0000000000080095       0x6b C:\Users\asus\AppData\Local\Temp\ccVXzqOU.ltrans2.ltrans.o
 .rodata        0x0000000000080100       0x20 C:\Users\asus\AppData\Local\Temp\ccVXzqOU.ltrans4.ltrans.o
                0x0000000000080108                au32UartAddrOffset
 .rodata.str1.1
                0x0000000000000000        0x5 C:\Users\asus\AppData\Local\Temp\ccVXzqOU.ltrans6.ltrans.o
                                          0x7 (size before relaxing)
 .rodata        0x0000000000080120        0x6 C:\Users\asus\AppData\Local\Temp\ccVXzqOU.ltrans6.ltrans.o
 .rodata.str1.1
                0x0000000000000000        0x5 C:\Users\asus\AppData\Local\Temp\ccVXzqOU.ltrans7.ltrans.o
                                          0x8 (size before relaxing)
 .rodata.str1.1
                0x0000000000080126        0x5 C:\Users\asus\AppData\Local\Temp\ccVXzqOU.ltrans8.ltrans.o
                                         0x13 (size before relaxing)
 *fill*         0x000000000008012b        0x1 00
 .rodata        0x000000000008012c       0x98 C:\Users\asus\AppData\Local\Temp\ccVXzqOU.ltrans8.ltrans.o
                0x000000000008012c                zps_pacNwkFrmStdByteFmt
                0x0000000000080130                zps_pacNwkFrmStdLongFmt
                0x0000000000080134                zps_pacNwkFrmStdHalfFmt
                0x0000000000080138                bRxOnOptimisationTurnedOff
 .rodata.str1.1
                0x00000000000801c4       0x1b C:\Users\asus\AppData\Local\Temp\ccVXzqOU.ltrans10.ltrans.o
                                         0x2a (size before relaxing)
 .rodata.str1.1
                0x00000000000801df       0xc9 C:\Users\asus\AppData\Local\Temp\ccVXzqOU.ltrans12.ltrans.o
 .rodata        0x00000000000802a8      0x114 C:\Users\asus\AppData\Local\Temp\ccVXzqOU.ltrans13.ltrans.o
                0x00000000000802b8                pu64NewMacOverrideMyAddressLocation
 .rodata.str1.1
                0x00000000000803bc        0x7 C:\Users\asus\AppData\Local\Temp\ccVXzqOU.ltrans14.ltrans.o
                                          0xc (size before relaxing)
 .rodata.str1.1
                0x00000000000803c3        0x7 C:\Users\asus\AppData\Local\Temp\ccVXzqOU.ltrans15.ltrans.o
                                         0x19 (size before relaxing)
 .rodata.str1.1
                0x00000000000803ca       0x10 C:\Users\asus\AppData\Local\Temp\ccVXzqOU.ltrans16.ltrans.o
                                         0x2f (size before relaxing)
 *fill*         0x00000000000803da        0x2 00
 .rodata        0x00000000000803dc      0x120 C:\Users\asus\AppData\Local\Temp\ccVXzqOU.ltrans17.ltrans.o
 .rodata.str1.1
                0x00000000000804fc       0x40 C:\Users\asus\AppData\Local\Temp\ccVXzqOU.ltrans18.ltrans.o
                                         0x73 (size before relaxing)
 .rodata.str1.1
                0x0000000000000000       0x40 C:\Users\asus\AppData\Local\Temp\ccVXzqOU.ltrans19.ltrans.o
                                          0x4 (size before relaxing)
 .rodata.str1.1
                0x000000000008053c        0x6 C:\Users\asus\AppData\Local\Temp\ccVXzqOU.ltrans20.ltrans.o
 *fill*         0x0000000000080542        0x2 00
 .rodata        0x0000000000080544       0x18 C:\Users\asus\AppData\Local\Temp\ccVXzqOU.ltrans20.ltrans.o
                0x0000000000080544                au32NwkPdmRecordOffsets
 .rodata.str1.1
                0x000000000008055c       0x17 C:\Users\asus\AppData\Local\Temp\ccVXzqOU.ltrans21.ltrans.o
 *fill*         0x0000000000080573        0x1 00
 .rodata        0x0000000000080574      0x118 C:\Users\asus\AppData\Local\Temp\ccVXzqOU.ltrans21.ltrans.o
                0x0000000000080574                gu32ZCLVersion
                0x0000000000080578                OS_g_u32Version
                0x000000000008057c                PDUM_g_u32Version
                0x0000000000080580                ZPS_g_u32MacVersion
                0x0000000000080584                ZPS_g_u32TsvVersion
 .rodata.str1.1
                0x0000000000000000        0xa C:\Users\asus\AppData\Local\Temp\ccVXzqOU.ltrans23.ltrans.o
 .rodata        0x000000000008068c       0x88 C:\Users\asus\AppData\Local\Temp\ccVXzqOU.ltrans23.ltrans.o
                0x000000000008068c                g_u32NwkFcSaveCountBitShift
 .rodata.str1.1
                0x0000000000080714       0x59 C:\Users\asus\AppData\Local\Temp\ccVXzqOU.ltrans26.ltrans.o
                                         0x7a (size before relaxing)
 .rodata.str1.1
                0x000000000008076d       0x67 C:\Users\asus\AppData\Local\Temp\ccVXzqOU.ltrans29.ltrans.o
 .rodata        0x00000000000807d4      0x3f8 C:\Users\asus\AppData\Local\Temp\ccVXzqOU.ltrans29.ltrans.o
                0x00000000000807d4                zps_g_pvApl
                0x00000000000807d8                au32TimerBaseAddress
 .rodata        0x0000000000080bcc        0x8 C:\Users\asus\AppData\Local\Temp\ccVXzqOU.ltrans30.ltrans.o
 .rodata.str1.1
                0x0000000000080bd4        0x5 C:\Users\asus\AppData\Local\Temp\ccVXzqOU.ltrans31.ltrans.o
                                          0x9 (size before relaxing)

.text           0x0000000000080be0    0x26548
 *(.text*)
 .text          0x0000000000080be0     0x18dc C:\Users\asus\AppData\Local\Temp\ccVXzqOU.ltrans0.ltrans.o
                0x0000000000080be0                vInitialiseApp.3097
                0x0000000000080be0                APP_TIMER_Version_1v0
 .text          0x00000000000824bc     0x1c64 C:\Users\asus\AppData\Local\Temp\ccVXzqOU.ltrans1.ltrans.o
                0x00000000000824bc                DBG_iUartGetChar
                0x0000000000082570                vMMAC_IntHandlerBbc
                0x000000000008258a                eBasicTxCompleteHandler
                0x000000000008258f                vTxRxTimeout.164123
                0x00000000000825ec                eSmeAcScBeaconInd.156008
                0x0000000000082648                eSmeASFlBeaconInd.155843
                0x000000000008266a                eSmeUDNTScanDcfm.155293
                0x00000000000826f2                zps_eNwkHandleSmePollDcfm
                0x000000000008271c                eLeaveDataDcfmRemoteLeave.160590
                0x0000000000082765                eSmeGenlScanDcfm.155835
                0x00000000000827c3                eSmeEdScScanDcfm.155831
                0x000000000008296a                eSmeAcScBeaconInd.155851
                0x0000000000082a72                eSmeUDNTBeaconInd.155827
                0x0000000000082a95                pvZCL_HeapAlloc.part.0.69126.constprop.125
                0x0000000000082acf                vZCL_InitializeClusterInstance.constprop.116
                0x0000000000082ae0                vACI_OptimisedCcmStar.constprop.53
                0x0000000000082ccc                zps_eNwkRtDiscMatch.constprop.50
                0x0000000000082d1f                psDLISTsearchFromHead
                0x0000000000082d48                eCLD_ColourControl_xyY2HSV.constprop.25
                0x0000000000082f0e                vCLD_ColourControl_xyY2CCT.constprop.24
                0x0000000000082fbf                eCLD_ColourControl_HSV2xyY.constprop.23
                0x00000000000832d7                eCLD_ColourControlHandleColourModeChange
                0x000000000008337d                vMiniMac_ReturnTxBufferCallback
                0x000000000008338f                vEnableReceive.164127
                0x00000000000833c9                pvHeap_Alloc
                0x00000000000833cc                vMicroIntRestoreState
                0x00000000000833d8                bAHI_WriteEEPROMfixSegmentData
                0x0000000000083436                bAHI_InitialiseEEPROM
                0x000000000008347e                vAHI_ReadDataFromEEPROMregister
                0x00000000000834ab                vAHI_WriteDataIntoEEPROMregister
                0x00000000000834db                iPDM_WriteSegmentHeaderDataIntoEEPROMsegment
                0x000000000008350a                u8AHI_WakeTimerFiredStatus
                0x000000000008351e                vAHI_WakeTimerStop.part.3.167152
                0x000000000008353e                vAHI_UartReset.part.4.166906
                0x0000000000083576                u8AHI_TimerFired.part.9.166719
                0x0000000000083591                vAHI_ClockXtalPull
                0x00000000000835ae                vAHI_OptimiseWaitStates
                0x00000000000835fa                bAHI_GetClkSource
                0x0000000000083607                vAHI_SwReset
                0x0000000000083638                bAHI_APRegulatorEnabled
                0x0000000000083645                bIssueACIcommand
                0x00000000000838a7                vTransformKey.isra.0.86351
                0x00000000000838d7                vRadioToOff
                0x00000000000838f4                vStartReceive
                0x0000000000083910                MAC_u64GetExtAddr
                0x000000000008392b                ZPS_u64NwkNibFindExtAddr
                0x00000000000839d6                ZPS_u16NwkNibFindNwkAddr
                0x0000000000083a7c                psSearchForFrameToSend
                0x0000000000083ad3                eMiniMac_FrameInProgress
                0x0000000000083afe                vRemoveFromTxQueue
                0x0000000000083b3a                vAddToTxQueue
                0x0000000000083b70                u8GetHeaderSize
                0x0000000000083b98                vMiniMac_MLME_SetReq_MaxCsmaBackoffs
                0x0000000000083bb8                vMiniMac_MLME_SetReq_MaxBe
                0x0000000000083bdb                vMiniMac_MLME_SetReq_MinBe
                0x0000000000083bfe                zps_vSendJoinInd
                0x0000000000083c6f                zps_psFormatCmdFrameGeneral
                0x0000000000083cfb                zps_eNwkFormStInit
                0x0000000000083d10                vSendDcfm.156529
                0x0000000000083d35                bCheckMatchingEntry.156003
                0x0000000000083d5b                zps_psNwkSlistRemoveFromHead
                0x0000000000083d72                zps_psNwkSlistRemove
                0x0000000000083daa                zps_bNwkMcpsMgrRemoveDescrFromLists
                0x0000000000083de8                zps_vNwkSlistAddToTail
                0x0000000000083e02                ZPS_vNwkSecResetDevice
                0x0000000000083e47                ZPS_bNwkSecHaveNetworkKey
                0x0000000000083e7b                ZPS_bNwkSecFindMatSet
                0x0000000000083eb7                zps_eNwkRtMatch
                0x0000000000083fc4                zps_eNwkRctMatchNwkAddr
                0x000000000008402e                ZPS_u8NwkCalcNldeReqOverhead
                0x0000000000084069                zps_vRemoveNextHop
 .text          0x0000000000084120     0x145d C:\Users\asus\AppData\Local\Temp\ccVXzqOU.ltrans2.ltrans.o
                0x0000000000084120                os_u32APP_cbGetTickTimer
                0x0000000000084129                os_bAPP_cbSetTickTimerCompare
                0x0000000000084185                vZdoServersInit.2822
                0x00000000000842c7                boIdValueSearchMatch.142556
                0x00000000000843c4                bHandleZdoLeaveRequest.5994
                0x0000000000084420                vDispatch.77568
                0x00000000000844f2                OS_ePostMessage
                0x0000000000084658                OS_eExitCriticalSection
                0x000000000008473d                OS_eActivateTask
                0x00000000000847d8                iPDM_ReadUserDataFromEEPROMsegment
                0x0000000000084852                iPDM_ReCalculateWearCountAndChecksumAndWriteFileSystemHeader
                0x000000000008489c                vPDM_SetEEPROMandFileSystemValidState
                0x00000000000848c3                iPDM_ReadUserDataFromFileSystemRecord
                0x00000000000848e3                u8ZdoBindUnbindServerUnpackApdu
                0x0000000000084932                u16ZCL_ReadTypeNBO
                0x00000000000849e7                u16ZCL_APduInstanceReadNBO
                0x0000000000084a38                u16ZCL_ReadCommandHeader.part.0.61732
                0x0000000000084aaf                iPDM_ReadSegmentHeaderDataFromEEPROMsegment
                0x0000000000084b08                vPDM_WriteFileSystemRecordAndSegmentDataIntoEEPROMsegment
                0x0000000000084b43                u16ZCL_APduInstanceWriteNBO
                0x0000000000084b97                u16ZCL_WriteCommandHeader
                0x0000000000084c0f                u16ZCL_APduInstanceWriteStringNBO
                0x0000000000084cd6                u16ZCL_WriteAttributeValueIntoBuffer
                0x0000000000084d48                u16ZCL_APduInstanceReadStringNBO.part.3.58966
                0x0000000000084e21                eZCL_GetAttributeTypeSizeFromBuffer
                0x0000000000084e98                u16ZCL_GetTxPayloadSize
                0x0000000000084ed0                ZPS_eTsvOpen
                0x0000000000084eea                eCLD_ScenesSetLastConfiguredBy.isra.1.25562
                0x0000000000084f21                sEZ_GetDiscEntry.11063
                0x0000000000084f62                vDisplayAddressMapTable
                0x0000000000084f7c                vDisplayNT
                0x0000000000084f96                eCLD_GroupsCheckGroupExists
                0x0000000000085003                eCLD_ScenesFindScene
                0x0000000000085051                ZPS_bIsMacAddressUsedInApsTable
                0x0000000000085107                iPDM_FilterDuplicateAppendedSegmentsOnList.143728
                0x000000000008514b                zps_vNwkBttMgrInit
                0x0000000000085179                ZPS_vNwkNibClearTables
                0x000000000008529a                vAHI_ApConfigure.part.0.166385.constprop.149
                0x00000000000852c8                vMicroIntEnableOnly.constprop.147
                0x00000000000852f4                vSetChannelAndPower
                0x0000000000085494                TSV_eStart
                0x00000000000854e4                vMiniMac_MLME_SetReq_PanId
                0x0000000000085521                vMiniMac_MLME_SetReq_ShortAddr
                0x000000000008552f                iAHI_WriteDataIntoEEPROMsegment.constprop.129
 *fill*         0x000000000008557d        0x3 00
 .text          0x0000000000085580     0x1520 C:\Users\asus\AppData\Local\Temp\ccVXzqOU.ltrans3.ltrans.o
                0x0000000000085580                vZCL_EventHandler
 .text          0x0000000000086aa0     0x146f C:\Users\asus\AppData\Local\Temp\ccVXzqOU.ltrans4.ltrans.o
                0x0000000000086ada                DBG_vUartFlush
                0x0000000000086b07                DBG_vUartPutch
                0x0000000000086b4d                DBG_vUartInitHardware
                0x0000000000086ddd                vMiniMac_NextTransaction
                0x0000000000086e84                vPostMlmeDcfmInd.97852
                0x0000000000086f27                bPCA9634_WriteRegister
                0x0000000000086fa5                bRGB_LED_SetLevel
                0x0000000000086ff2                bRGB_LED_Off
                0x0000000000087027                vDLISTaddToHead
                0x0000000000087050                vDLISTaddToTail
                0x0000000000087073                psDLISTremove
                0x00000000000870d5                eCLD_ScenesRemoveAllScenes
                0x000000000008716e                iPDM_SearchForBufferIdInList
                0x00000000000871a3                iPDM_SearchForBufferIdInFileSystem
                0x00000000000871b6                iPDM_ReadUserDataFromSegmentWithId
                0x00000000000871eb                iPDM_SearchForSpecificSegmentInList
                0x000000000008721d                psGetTxFrameBuffer
                0x000000000008725c                psGetAndBuildCoordRealignment
                0x00000000000872b4                MAC_vPibSetRxOnWhenIdle.constprop.135
                0x00000000000872bd                eTransmit
                0x000000000008739a                eBuildAndSend.164903
                0x000000000008740f                vMiniMac_TxComplete
                0x00000000000874f6                vTimerFired
                0x00000000000875ae                vMiniMac_Init
                0x0000000000087960                eCLD_ScenesSaveClusters.constprop.26
                0x0000000000087b02                OS_eStartSWTimer.constprop.151
                0x0000000000087c21                OS_eContinueSWTimer.constprop.27
                0x0000000000087d1a                OS_eStopSWTimer
                0x0000000000087e3d                vStartStopTimer
                0x0000000000087e68                os_vAPP_RadioRecal
 .text          0x0000000000087f0f     0x1930 C:\Users\asus\AppData\Local\Temp\ccVXzqOU.ltrans5.ltrans.o
                0x0000000000087f0f                vPermitJoinHandleExpiry.150844
                0x0000000000087f18                vNwkMcpsTimerCallback
                0x0000000000087f32                zps_eSceGenlIllegal
                0x0000000000087f39                zps_eSmeGenlIllegal
                0x0000000000087f40                DBG_vUartFailedAssert
                0x0000000000087f44                zps_bAplZdoBindRequestServer
                0x000000000008807f                psGetVsMcpsBuf.97856
                0x0000000000088088                psGetMlmeBuf.97849
                0x00000000000880cf                psGetNlmeBuf.80799
                0x00000000000880d9                psGetNldeBuf.80820
                0x00000000000880e3                psGetApsmeBuf.80806
                0x00000000000880ec                psGetApsdeBuf.80813
                0x0000000000088205                vLoopbackTimerCallback
                0x0000000000088234                zps_vRemoveRoute
                0x00000000000882cb                zps_psNwkRtMatchNwkAddr
                0x0000000000088341                zps_vNwkFreeMcpsHandle
                0x000000000008836b                zps_psNwkMcpsMgrFindPendingByNwkDstAddr
                0x0000000000088381                ZPS_u64NwkNibGetMappedIeeeAddr
                0x00000000000883a3                ZPS_bNwkNibNtActvMatch
                0x000000000008845b                bCheckNwkAddr
                0x00000000000884a9                ZPS_vSetExtendedStatus
                0x00000000000884bb                zps_psApsApsAllocateDcfmRecord
                0x0000000000088529                zps_u8CalcLinkCost
                0x0000000000088565                ZPS_u8NwkNibNtDiscMatch
                0x0000000000088649                zps_u64NwkLibFromPayload
                0x0000000000088688                zps_vNwkLibU64ToPayload
                0x00000000000886b5                zps_vInitBeaconPayload
                0x0000000000088731                zps_eNwkDcfmIndPost
                0x0000000000088754                zps_psNwkDcfmIndGetBuf
                0x0000000000088776                eRouteRequestDataDcfm.152016
                0x00000000000887ca                eNldeDataDcfm.149851
                0x00000000000887fa                zps_vSendNwkStatusInd
                0x000000000008882a                DBG_vInit
                0x000000000008886c                vPDM_ReadBitmapHeader.143413
                0x000000000008888b                psSLISTsearch
                0x00000000000888cb                psSLISTremove
                0x0000000000088949                vSLISTaddToTail
                0x0000000000088968                psSLISTgetNext
                0x000000000008898c                u8PDM_CalculateLargestDataRecordStored
                0x00000000000889bd                bPDM_ImageBitmapRepairCheck
                0x00000000000889e5                u8PDM_ReadSequenceNumber
                0x0000000000088a08                boSegmentNumberDeleteSearchMatch.142983
                0x0000000000088a23                u8PDM_ReadSegmentDataSize
                0x0000000000088a37                u32PDM_ReadFileSystemHeaderWearCount
                0x0000000000088a4d                boSearchForWearCountSubstitute.143299
                0x0000000000088a73                boSearchForWearCountInsertPoint.142552
                0x0000000000088a91                vPDM_WriteFileSystemHeaderWearCount
                0x0000000000088aa3                RND_u32GetRand256
                0x0000000000088ac0                RND_u32GetRand
                0x0000000000088ae7                u16CalculateFailedTxCount.115880
                0x0000000000088b11                vZdoIeeeAddrServerSendExtendResponse.part.0.101677
                0x0000000000088b72                vZdoNwkAddrServerSendExtendResponse.part.0.100497
                0x0000000000088bd3                zps_bAplZdoServerHandleConfirmAcks
                0x0000000000088c1d                zps_bPerformLeaveActionDecider
                0x0000000000088c35                vHandleUpdateDeviceIndication.89865
                0x0000000000088c5f                u32GetScanChannels.89852
                0x0000000000088c8a                bDuplicateCheck.86232
                0x0000000000088d97                eHandleRemoveNonBroadcastEndpointsFromGroup.84860
                0x0000000000088e0f                eHandleAddEntryToGroupTable.84823
                0x0000000000088e6b                bIsBindTableMatch.84800
                0x0000000000088ebc                eRemoveEntryInBindingTable.84828
                0x0000000000088f3b                zps_vAplApsFillAndPostApsAck
                0x0000000000088fa5                zps_u8AplApsFreeMsgHandle
                0x000000000008900f                vFillDataIndStruct.80666
                0x000000000008906d                vFillApduErrorEvent.80659
                0x00000000000890b0                bCheckProfile.80654
                0x00000000000890ee                ZPS_bIsGroupPresent
                0x0000000000089126                pdum_u16ReadNBO
                0x0000000000089287                PDUM_u16SizeNBO
                0x00000000000892e5                PDUM_u16APduInstanceWriteStrNBO
                0x0000000000089464                PDUM_u16APduInstanceReadNBO
                0x00000000000894af                PDUM_u16APduInstanceWriteNBO
                0x0000000000089519                PDUM_thAPduInstanceGetApdu
                0x0000000000089534                PDUM_eAPduInstanceSetPayloadSize
                0x000000000008955c                PDUM_eNPduWriteDataFromBuffer
                0x00000000000895b6                PDUM_eNPduWriteDataToBuffer
                0x0000000000089614                PDUM_eNPduWriteFromBuffer
                0x000000000008963d                PDUM_eNPduDescend
                0x0000000000089663                PDUM_eNPduAscend
                0x0000000000089689                PDUM_eNPduClaimData
                0x00000000000896f6                PDUM_eNPduAppendDataNBO
                0x0000000000089753                PDUM_eNPduClaimHeader
                0x0000000000089776                PDUM_eNPduReadHeaderNBO
                0x00000000000897c9                PDUM_eNPduPrependHeaderNBO
                0x0000000000089824                PDUM_eNPduInitDescending
 .text          0x000000000008983f     0x196f C:\Users\asus\AppData\Local\Temp\ccVXzqOU.ltrans6.ltrans.o
                0x000000000008983f                zps_vExpireOldRoutes
                0x00000000000898c8                zps_eNwkHandleSceNwkUpdate
                0x00000000000898ec                zps_vAplAfPostTimerEvent
                0x0000000000089968                zps_vNwkHandleCmePermitJoinReq
                0x00000000000899d0                PDUM_eNPduAllocate
                0x0000000000089a3f                PDUM_eNPduClone
                0x0000000000089a8b                PDUM_eNPduFree
                0x0000000000089af8                vPostVsMcpsDcfmInd.97859
                0x0000000000089be1                zps_vNwkMcpsMgrFreeReqDescr
                0x0000000000089c13                zps_psAllocateAndFormatMacHdr
                0x0000000000089efc                zps_psNwkInitCmdFrame
                0x0000000000089f7b                zps_vNwkRemoveConflictedBroadcast
                0x0000000000089fcd                zps_vNwkMcpsMgrTidyBtrReqDescr
                0x000000000008a011                PDUM_hAPduAllocateAPduInstance
                0x000000000008a085                hZCL_AllocateAPduInstance
                0x000000000008a0c1                zps_eAplZdoSendZdpResponse
                0x000000000008a10a                bSendResponse.114691
                0x000000000008a14d                PDUM_eAPduFreeAPduInstance
                0x000000000008a48c                zps_bAplZdoMatchDescServer
                0x000000000008a4a0                zps_bAplZdoNodeDescServer
                0x000000000008a60c                zps_bAplZdoSimpleDescServer
                0x000000000008a86d                zps_bAplZdoPowerDescServer
                0x000000000008a98a                zps_bAplZdoActiveEpServer
                0x000000000008aa73                zps_bAplZdoSystemServerDiscoveryServer
                0x000000000008aafc                zps_bAplZdoMgmtLqiServer
                0x000000000008ad28                zps_bAplZdoMgmtRtgServer
                0x000000000008ae6e                PDM_eReadDataFromRecord.part.0.141795
                0x000000000008aef1                PDM_eReadDataFromRecord
                0x000000000008af11                vLoadAplRecord.89892
                0x000000000008af3f                vLoadNwkRecord.148629
                0x000000000008af77                zps_eAplZdoBdrmRequestSend
                0x000000000008aff2                vProcessTimedList.147685
                0x000000000008b039                zps_vNwkMcpsMgrPostTimed
                0x000000000008b04c                vNwkBttTimerExpiry.154093
                0x000000000008b169                vNwkMcpsSendTimedDfcm
 .text          0x000000000008b1ae     0x11e7 C:\Users\asus\AppData\Local\Temp\ccVXzqOU.ltrans7.ltrans.o
                0x000000000008b1ae                zps_bAplZdoNwkAddrServer
                0x000000000008b32f                zps_bAplZdoIeeeAddrServer
                0x000000000008b485                eBeaconReqSent.164899
                0x000000000008b4ac                vPDM_AddFileSystemElementToListInAscendingWearCountOrder
                0x000000000008b5ba                vPDM_MoveAllDataFromListToList
                0x000000000008b5f8                vPDM_MoveAllDataToDeAllocList
                0x000000000008b620                vPDM_MoveAllDataWithBufferIdFromListToList
                0x000000000008b6a5                vPDM_DeleteAllSegmentsWithIdFromFileSystemList.constprop.97
                0x000000000008b6e7                vPDM_MoveFileRecordFromListToList
                0x000000000008b70a                vPDM_MoveRecordToDeAllocList
                0x000000000008b72a                vPDM_DeleteAppendedSequence
                0x000000000008b7cf                iPDM_WriteSegmentHeaderAndData
                0x000000000008b9cb                iPDM_SegmentCopyAndAppendData.constprop.150
                0x000000000008ba28                iPDM_ReconstructReplacedDataTable
                0x000000000008bbb5                iPDM_ReplaceChangedSegmentInSequence
                0x000000000008bca7                eMakeEntryInBindingTable.84846
                0x000000000008bd51                vMiniMac_McpsCallback
                0x000000000008bf7d                eMcpsTxCompleteHandler.163752
                0x000000000008bfab                vFreePendingReqDescr
                0x000000000008c015                vHandleRouteDiscoveryExpiry.151576
                0x000000000008c073                zps_vSendJoinDcfm
                0x000000000008c0b9                vGiveUp.159155
                0x000000000008c0f1                zps_u8AplApsConstructAndPostLoopBackDataInd.83410
                0x000000000008c22a                u8PostUnicastMsgToNHLE.83418
                0x000000000008c263                eSendLinkStatusDataDcfm.part.1.145722
 *fill*         0x000000000008c395        0x3 00
 .text          0x000000000008c398     0x15b4 C:\Users\asus\AppData\Local\Temp\ccVXzqOU.ltrans8.ltrans.o
                0x000000000008c53e                vHandleRejoinExpiry.159151
                0x000000000008c59b                zps_eRejoinDataDcfm
                0x000000000008c5df                eSmeAsocAssocDcfm.159762
                0x000000000008c663                eSmeRjPCPollDcfm.159758
                0x000000000008c765                zps_sNwkLibSubmitScan
                0x000000000008c79e                zps_vNwkDiscUpdateNT
                0x000000000008c8b9                zps_vNwkHandleCmeNwkJoinReq
                0x000000000008cb75                zps_vNwkHandleCmeNwkActvJoinReq
                0x000000000008cb81                eSmeEdScScanDcfm.156538
                0x000000000008cc11                zps_vNwkHandleCmeEdScanReq
                0x000000000008cc50                vSdeHandleMcpsDataInd.147753
                0x000000000008d8b3                ZPS_vNwkNibCheckAndUpdateAddresses
 .text          0x000000000008d94c     0x149c C:\Users\asus\AppData\Local\Temp\ccVXzqOU.ltrans9.ltrans.o
                0x000000000008d94c                zps_vNwkHandleCmeRouteDiscoveryReq
                0x000000000008d9d2                vAckTimeOutHandler
                0x000000000008da7d                vMiniMac_MlmeCallback
                0x000000000008dea8                vScanBeaconReceived
                0x000000000008dee7                vPostDcfm.164914
                0x000000000008df56                vScanNextChannel.164920
                0x000000000008e173                vRunningRxCallback
                0x000000000008e481                ePollReqSent.165107
                0x000000000008e4cc                vCLD_ScenesUpdateSceneValid
                0x000000000008e54c                eCLD_OnOffSceneEventHandler.21950
                0x000000000008e5d3                eCLD_LevelControlUpdate
                0x000000000008e87e                eCLD_LevelControlSetOnOffState.constprop.20
                0x000000000008e937                eCLD_ColourControlUpdate
                0x000000000008ed4b                eCLD_ColourControlSceneEventHandler.30931
                0x000000000008ed91                ZPS_vNwkResetOutgoingFrameCounter
 .text          0x000000000008ede8     0x1606 C:\Users\asus\AppData\Local\Temp\ccVXzqOU.ltrans10.ltrans.o
                0x000000000008ede8                vSendNetworkReport.146757
                0x000000000008eec2                zps_psNwkInitiateRouteDiscovery
                0x000000000008f1fa                zps_psSendFrm
                0x000000000008f516                zps_psSendBroadcastFrm
                0x000000000008f5ac                ZPS_vNwkHandleNldeReqRsp
                0x000000000008f78c                eUnfragmentedUnicastTransmission.83393
                0x000000000008fb18                zps_eAplSendApsmeCmdFrame
                0x000000000008fcb8                zps_eAplApsmeUpdateDeviceReqRsp.part.4.84957
                0x000000000008fe24                zps_vAplApsmeCmdMgrRetryTimeout.84792
                0x000000000008fe4d                zps_eNwkHandleSceRouteRecord
                0x000000000008ff21                zps_psNwkSendRejoinReqCmd.constprop.10
                0x000000000008ff91                zps_u8NwkHandleRejoinReq
                0x000000000009005a                vContinueRejoin.158385
                0x0000000000090101                zps_psSendNetworkStatusCmd
                0x000000000009016e                zps_vProcessLocalAddrConflict
                0x0000000000090219                zps_eDefaultDataDcfm
 .text          0x00000000000903ee     0x1204 C:\Users\asus\AppData\Local\Temp\ccVXzqOU.ltrans11.ltrans.o
                0x00000000000903ee                zps_eNwkHandleSceLinkStatus
                0x0000000000090522                vManagePowerOnCountInit
                0x0000000000090598                APP_ZCL_SaveLightLevel
                0x00000000000905bf                vSaveScenesNVM
                0x0000000000090653                eCLD_GroupsRemoveAllGroups
                0x0000000000090705                zps_eAplApsmeUnBindReqRsp
                0x000000000009076b                bAplZdoBindUnbindServerProcessApdu
                0x0000000000090a10                zps_eAplZdoGroupEndpointRemove
                0x0000000000090aa8                zps_psFindKeyDescr
                0x0000000000090bd4                zps_eAplSecEncryptPacket
                0x0000000000090cc6                vHandleJoinedNwk.11093
                0x0000000000090d21                ZPS_bNwkNibAddrMapAddEntry
                0x0000000000090ee8                zps_vAgeRouter
                0x0000000000090f27                zps_vLinkStatusHandleExpiry
                0x0000000000090fc8                zps_sNwkNibNtCheckJoin
                0x0000000000091271                zps_vNwkHandleCmeDirectJoinReq
                0x00000000000912f0                zps_vJoinInitNtParent
                0x0000000000091446                zps_vCheckActvNtForDuplicate
                0x00000000000914e4                eSmeOrphScanDcfm.159602
                0x000000000009155c                eCheckAddrConflict.isra.4.146994
 .text.unlikely
                0x00000000000915f2       0x5f C:\Users\asus\AppData\Local\Temp\ccVXzqOU.ltrans11.ltrans.o
                0x00000000000915f2                vInitUnknownNeighbor.147669
 .text          0x0000000000091651     0x1252 C:\Users\asus\AppData\Local\Temp\ccVXzqOU.ltrans12.ltrans.o
                0x0000000000091687                os_vAPP_cbDisableTickTimer
                0x00000000000916cb                os_vAPP_cbEnableTickTimer
                0x000000000009174b                vRetryCcaFailure
                0x00000000000917a0                eOrphanNotificationSent.164895
                0x00000000000917f6                OS_eEnterCriticalSection
                0x00000000000918be                ZPS_eTsvStart
                0x0000000000091919                zps_vNwkJoinStStartResponseTimer
                0x0000000000091952                ZPS_eTsvStop
                0x00000000000919a6                zps_eNwkBtrMatch
                0x0000000000091aa3                zps_vAplApsStopPollTimer.part.2.83299
                0x0000000000091b2a                ZPS_bSecEncrypt
                0x0000000000091ce0                bHasTimerFired.74849
                0x0000000000091d4a                eHandleRemoveBroadcastEndpointsFromGroup.84819
                0x0000000000091da4                eZCL_SetReceiveEventAddressStructure
                0x0000000000091e23                dbg_vPrintfImplNoneVerbose
                0x00000000000922aa                vOSError
                0x0000000000092301                DBG_vDumpStack
                0x0000000000092343                vUnclaimedInterrupt
                0x0000000000092359                eZCLAddReport
                0x000000000009260d                eCLD_ScenesCountScenes
                0x0000000000092627                ZPS_bSecDecrypt
                0x0000000000092739                boPDM_IsBitmapSaturated.143448
                0x0000000000092782                vLI_UpdateDriver
                0x00000000000927ca                bRGB_LED_On
                0x00000000000927e0                vRGBLight_SetLevels
                0x0000000000092857                APP_vHandleIdentify
 *fill*         0x00000000000928a3        0x1 00
 .text          0x00000000000928a4     0x1444 C:\Users\asus\AppData\Local\Temp\ccVXzqOU.ltrans13.ltrans.o
                0x00000000000928a4                vStartScanTimerExpiry.115876
                0x00000000000928e0                vPostNlmeDcfmInd.80802
                0x0000000000092ff1                eHA_RegisterColourDimmableLightEndPoint.constprop.105
                0x0000000000093842                zps_eAplZdoStartStack
                0x000000000009397c                vEZ_EZModeNWKJoinHandler
 .text          0x0000000000093ce8     0x1535 C:\Users\asus\AppData\Local\Temp\ccVXzqOU.ltrans14.ltrans.o
                0x0000000000093dd4                os_vAPP_vManagePowerOnCount
                0x0000000000093e3d                vIncrementFrameCounterInPdm.isra.0.149063
                0x000000000009401c                vProcessListsForSubmission.147773
                0x00000000000943a9                zps_vNwkMcpsMgrPost
                0x00000000000944df                zps_eNwkHandleSceRouteRequest
                0x000000000009490e                zps_eNwkHandleSceRouteReply
                0x0000000000094c75                zps_vNwkHandleCmeLeaveReq
                0x0000000000094d43                zps_eNwkHandleSceLeave
                0x0000000000094f05                zps_eNwkHandleSdeActvDcfmData
                0x000000000009508f                vMcpsMgrTimeoutExpiry
                0x00000000000950fe                PDM_vDeleteAllDataRecords
                0x000000000009517b                iPDM_VerifyDataSequenceWithBufferId
 *fill*         0x000000000009521d        0x3 00
 .text          0x0000000000095220     0x1214 C:\Users\asus\AppData\Local\Temp\ccVXzqOU.ltrans15.ltrans.o
                0x0000000000095220                os_vAPP_ZPR_Light_Task
 .text          0x0000000000096434     0x1250 C:\Users\asus\AppData\Local\Temp\ccVXzqOU.ltrans16.ltrans.o
                0x0000000000096627                vPostNldeDcfmInd.80823
                0x00000000000970d8                vMcpsMgrExpiry.147657
                0x0000000000097137                vBbcIntHandler.163551
                0x0000000000097400                os_vzps_isrMAC
                0x000000000009743f                eAssocRespSent.164460
                0x000000000009745e                zps_vNwkHandleCmeSyncReq
                0x00000000000974a7                zps_vNwkHandleCmeIdleNwkFormReq
                0x000000000009754f                zps_vReAttemptScanTimerHandleExpiry
                0x00000000000975a6                zps_vNwkHandleCmeNwkDiscReq
                0x0000000000097620                zps_eNwkHandleSmeBeaconNotifyInd
 .text          0x0000000000097684     0x10f8 C:\Users\asus\AppData\Local\Temp\ccVXzqOU.ltrans17.ltrans.o
                0x0000000000097684                zps_vAplApsPollTimer
                0x00000000000976e6                vAplSecAuthPollTimerExpiry.89842
                0x000000000009773e                vAplSecAuthTimerExpiry.89846
                0x000000000009798b                vPostApsdeDcfmInd.80816
                0x0000000000097b94                zps_vHandleApsdeDataFragIndNotSupported
                0x0000000000097bfd                os_vzps_taskZPS
                0x0000000000097e26                eRejoinNetwork.89879.constprop.126
                0x0000000000097ec2                eJoinNetwork.89905
                0x0000000000097f73                vEZ_JoinSavedNetwork.11099
                0x0000000000098005                vHandleJoinFailed.11318
                0x0000000000098028                eDiscoverNetworks.89912
                0x0000000000098084                vAttemptDiscovery.11335
                0x00000000000981e2                eStartNetworkDiscovery.89919
                0x000000000009824c                eStartRouter.89929
                0x000000000009831b                vPostApsmeDcfmInd.80809
 .text          0x000000000009877c     0x12b1 C:\Users\asus\AppData\Local\Temp\ccVXzqOU.ltrans18.ltrans.o
                0x000000000009877c                vZdoBdrmSendNextTimedRequest
                0x0000000000098a05                zps_bAplZdoBindUnbindServer
                0x0000000000098b11                zps_bAplZdoDefaultServer
                0x0000000000098d72                zps_eZdpNodeDescResponse
                0x0000000000098e1a                zps_eZdpSimpleDescResponse
                0x0000000000098f27                zps_eAplZdpMgmtLqiResponse
                0x000000000009900f                zps_eZdpPowerDescResponse
                0x00000000000990ac                zps_eZdpActiveEpResponse
                0x0000000000099142                zps_eZdpMatchDescResponse
                0x00000000000991d8                zps_eZdpSystemServerDiscoveryResponse
                0x0000000000099247                zps_eAplZdpMgmtRtgResponse
                0x00000000000993c0                zps_eZdpNwkAddrResponse
                0x00000000000994a3                zps_eZdpIeeeAddrResponse
                0x0000000000099586                zps_bAplZdoMgmtNWKUpdateServer
                0x00000000000998f6                zps_eAplAfBoundDataReqNonBlocking
 *fill*         0x0000000000099a2d        0x3 00
 .text          0x0000000000099a30     0x155c C:\Users\asus\AppData\Local\Temp\ccVXzqOU.ltrans19.ltrans.o
                0x0000000000099be8                vSendMlmeCommStatusFromTxFrame
                0x0000000000099c3e                MAC_vHandleMlmeVsReqRsp.constprop.138
                0x000000000009a3ef                zps_eProcessAddrConflict
                0x000000000009a59c                zps_eNwkHandleSceNwkStatus
                0x000000000009a900                zps_eNwkHandleSmeAssocInd
                0x000000000009a922                zps_eNwkHandleSceRejnRequest
                0x000000000009aa51                zps_eNwkHandleSmeOrphanInd
                0x000000000009aa61                zps_sNwkStart
                0x000000000009ab00                vHandleNwkLocalUpdateAfterBcast.146774
                0x000000000009ab54                vHandleNwkRemoteUpdateAfterBcast.146765
                0x000000000009aba8                eSmeAcScScanDcfm.156533
                0x000000000009aede                zps_vNwkHandleCmeActvStartRouterReq
 .text          0x000000000009af8c     0x1104 C:\Users\asus\AppData\Local\Temp\ccVXzqOU.ltrans20.ltrans.o
                0x000000000009af8c                PDM_eSaveRecordData
                0x000000000009b3c1                zps_vAplSaveRecord
                0x000000000009b45a                ZPS_vSwapApsTableEntries
                0x000000000009b4e2                vAplSecRemoveLinkKey.89958
                0x000000000009b55e                ZPS_vNwkSaveRecord
                0x000000000009b58a                zps_bNwkFindAddIeeeAddr
                0x000000000009b708                ZPS_vRemoveEntryFromAddressMap
                0x000000000009b751                ZPS_vNwkSaveAllRecords
                0x000000000009b768                zps_vSaveAllZpsRecords
                0x000000000009b787                ZPS_vNwkNibSetNwkAddr
                0x000000000009b7a5                zps_eNwkHandleSceRejnResponse
                0x000000000009b802                ZPS_vNwkNibSetExtPanId
                0x000000000009b827                ZPS_vNwkNibSetKeySeqNum
                0x000000000009b83b                ZPS_vNwkNibSetDepth
                0x000000000009b864                ZPS_vNwkNibSetUpdateId
                0x000000000009b873                vSendNetworkUpdate.146761
                0x000000000009b9a3                ZPS_vNwkNibSetPanId
                0x000000000009b9c1                ZPS_vNwkNibSetCapabilityInfo
                0x000000000009b9ee                ZPS_vNwkNibSetChannel
                0x000000000009ba0c                ZPS_vNwkSaveNt
                0x000000000009ba20                ZPS_vNwkPurgeMacAddressAndRelatedEntries
                0x000000000009bb26                ZPS_vNtSetUsedStatus
                0x000000000009bbcd                zps_vBuildSortedActvNTList
                0x000000000009bc8b                vFinish.159592
                0x000000000009bce1                zps_vCleanUnAuthenHandleExpiry
                0x000000000009bde2                eUnsolicitedRejoinRspDataDcfm.146769
                0x000000000009be0d                eRejoinRspDataDcfm.158389
                0x000000000009bedc                zps_eNwkHandleSmeCommStatusInd
                0x000000000009bf90                ZPS_vNwkSaveSecMat
                0x000000000009bfa4                vPDM_MoveAllDataWithBufferIdAndStateFromListToList
                0x000000000009c02f                vPDM_ImageBitmapRepair.142471
 .text          0x000000000009c090     0x13ea C:\Users\asus\AppData\Local\Temp\ccVXzqOU.ltrans21.ltrans.o
                0x000000000009c090                os_bDummyMemberCheck.77578
                0x000000000009c095                os_vDefaultErrorHook.77574
                0x000000000009c098                bCLD_ScenesSearchForScene.26085
                0x000000000009c0cb                eCLD_LevelControlSceneEventHandler.20510
                0x000000000009c111                DriverBulb_vSetTunableWhiteColourTemperature
                0x000000000009c114                os_vAPP_ButtonsScanTask
                0x000000000009c117                APP_ZCL_cbGeneralCallback.7978
                0x000000000009c147                vfExtendedStatusCallBack.3094
                0x000000000009c14a                os_bStrictCheck.1358
                0x000000000009c436                bCLD_GroupsSearchForGroup.17866
                0x000000000009c45b                eExpireSWTimer.77587
                0x000000000009c4c6                vEnterErrorHook.77570
                0x000000000009c4ed                OS_eCollectMessage
                0x000000000009c5b2                OS_eGetSWTimerStatus
                0x000000000009c5f4                eZCL_DoesAttributeHaveReportableChange
                0x000000000009c611                eZCL_GetAttributeReportableEntry
                0x000000000009c6c9                vZCL_AlignNumericAttributeValueTo64.74318
                0x000000000009c7d8                eZCL_BuildClientTransmitAddressStructure
                0x000000000009c809                bZCL_CheckManufacturerSpecificAttributeFlagMatch
                0x000000000009c827                eZCL_SearchForAttributeEntry
                0x000000000009c8c8                eZCL_GetAttributeTypeSize
                0x000000000009c8e7                vZCL_MarkAttributeInvalid
                0x000000000009c9b6                u8ZCL_GetAttributeAllignToFourBytesBoundary
                0x000000000009c9cb                pvZCL_GetAttributePointer
                0x000000000009ca41                vCLD_ScenesGenerateIndividualAttributeCallback
                0x000000000009ca9b                eZCL_StoreChangeAttributeValue
                0x000000000009cb3a                u16ZCL_WriteTypeNBO.part.0.58833
                0x000000000009cbaf                u16ZCL_GetStringStructureSize
                0x000000000009cbec                u16ZCL_GetStringAttributeTypeSizeFromBuffer
                0x000000000009cc5d                u16ZCL_GetStringSizeAndBufferFromStructure
                0x000000000009ccec                eZCL_GetAttributeTypeSizeFromStructure
                0x000000000009cd65                bZCL_SendCommandResponse
                0x000000000009cd81                u8ZCL_GetEPIdFromIndex
                0x000000000009cda3                eZCL_SearchForEPIndex
                0x000000000009cddd                eZCL_SearchForClusterEntry
                0x000000000009ce57                eZCL_BuildTransmitAddressStructure
                0x000000000009cec4                eZCL_SearchForEPentry
                0x000000000009cf00                eZCL_FindCluster
                0x000000000009cf51                eCLD_GroupsSetIdentifying
                0x000000000009cf76                vCLD_IdentifyTimerClickCallback.18929
                0x000000000009cfea                eCLD_LevelControlClusterIsPresent
                0x000000000009d003                eZCL_SearchForEPentryAndCheckManufacturerId
                0x000000000009d041                vZCL_PassEventToUser
                0x000000000009d06e                vCLD_ColourControl_CCT2xyY
                0x000000000009d154                bCLD_ColourControl_NumberIsValid.32389
                0x000000000009d173                eCLD_ColourControl_xyY2XYZ.32393
                0x000000000009d1f5                vCLD_ColourControl_XYZ2RGB.32380
                0x000000000009d315                eCLD_ColourControl_GetRGB
                0x000000000009d3e2                vAPP_ZCL_DeviceSpecific_Init
                0x000000000009d449                vLI_InitVar.3210
 .text          0x000000000009d47a      0xf29 C:\Users\asus\AppData\Local\Temp\ccVXzqOU.ltrans22.ltrans.o
                0x000000000009d47a                eZCL_CustomCommandReceive
                0x000000000009d608                eCLD_ColourControlCommandHandler
                0x000000000009e211                eCLD_OnOffCommandHandler
                0x000000000009e334                eCLD_BasicCommandHandler
 .text          0x000000000009e3a3      0xe26 C:\Users\asus\AppData\Local\Temp\ccVXzqOU.ltrans23.ltrans.o
                0x000000000009e3a3                ZPS_pvNwkCtor.constprop.133
                0x000000000009e949                ZPS_vNwkHandleNlmeReqRsp
                0x000000000009e9c6                zps_vAplAfPostEvent
                0x000000000009eb35                zps_eAplZdoNlmeleaveWrapper
                0x000000000009ebb3                zps_bAplZdoMgmtLeaveServer
                0x000000000009ed33                zps_eAplZdoNlmePermitJoiningWrapper
                0x000000000009ed5b                zps_bAplZdoPermitJoiningServer
                0x000000000009edf5                zps_bAplZdoDeviceAnnceServer
                0x000000000009f081                vChangeChannelTimerExpiry.115872
                0x000000000009f0e4                eLeaveReset.160585
                0x000000000009f14f                eLeaveDataDcfmLocalLeave.160595
 *fill*         0x000000000009f1c9        0x3 00
 .text          0x000000000009f1cc      0xd48 C:\Users\asus\AppData\Local\Temp\ccVXzqOU.ltrans24.ltrans.o
                0x000000000009f1cc                eCLD_ScenesCommandHandler
                0x000000000009fe08                eCLD_IdentifyCommandHandler
 .text          0x000000000009ff14      0xc14 C:\Users\asus\AppData\Local\Temp\ccVXzqOU.ltrans25.ltrans.o
                0x000000000009ffcf                eZCL_TransmitDataRequest
                0x00000000000a0428                eZCL_SendDefaultResponse
                0x00000000000a0527                vZCL_HandleAttributesReadResponse
                0x00000000000a0732                vReportTimerClickCallback
 .text          0x00000000000a0b28      0xbc9 C:\Users\asus\AppData\Local\Temp\ccVXzqOU.ltrans26.ltrans.o
                0x00000000000a0b28                APP_ZCL_cbEndpointCallback.7975
                0x00000000000a0d20                ZPS_vAplHandleApsdeReqRsp
                0x00000000000a1140                zps_eAplZdpApsdeReqInternal
                0x00000000000a122f                vEnablePermitJoin
                0x00000000000a12ad                os_vAPP_AgeOutChildren
                0x00000000000a142c                zps_bAplZdoMgmtBindServer
                0x00000000000a166d                zps_eAplZdpBindResponse
                0x00000000000a168e                zps_eZdpUnbindResponse
                0x00000000000a16af                zps_eZdpMgmtLeaveResponse
                0x00000000000a16d0                zps_eZdpMgmtPermitJoiningResponse
 *fill*         0x00000000000a16f1        0x3 00
 .text          0x00000000000a16f4      0x9c4 C:\Users\asus\AppData\Local\Temp\ccVXzqOU.ltrans27.ltrans.o
                0x00000000000a16f4                os_vZCL_Task
                0x00000000000a171a                os_vOTA_MsTask
                0x00000000000a1744                eZCL_CustomCommandSend.constprop.21
                0x00000000000a1c3c                eCLD_GroupsCommandHandler
 .text          0x00000000000a20b8      0x78c C:\Users\asus\AppData\Local\Temp\ccVXzqOU.ltrans28.ltrans.o
                0x00000000000a20b8                eCLD_LevelControlCommandHandler
                0x00000000000a23b4                vZCL_HandleAttributesWriteRequest
 .text          0x00000000000a2844      0x64d C:\Users\asus\AppData\Local\Temp\ccVXzqOU.ltrans29.ltrans.o
                0x00000000000a2844                AppWarmStart
                0x00000000000a285e                AppColdStart
                0x00000000000a2c7e                os_vUnclaimedInterrupt
                0x00000000000a2c90                os_vControlledIntCheck
                0x00000000000a2cd5                os_vControlledInterrupt
                0x00000000000a2d0e                os_vvISR_AdcDone
                0x00000000000a2d17                os_vvISR_SettleTimer
                0x00000000000a2d1d                os_vvISR_PwmTimer
                0x00000000000a2d33                os_vAPP_isrIllegalInstruction
                0x00000000000a2d49                os_vAPP_isrAlignmentException
                0x00000000000a2d5f                os_vAPP_isrBusErrorException
                0x00000000000a2d75                os_vAPP_isrUnimplementedModuleException
                0x00000000000a2d8b                os_vAPP_isrStackOverflowException
                0x00000000000a2da1                os_vAPP_isrTickTimer
 .text          0x00000000000a2e91      0x6ca C:\Users\asus\AppData\Local\Temp\ccVXzqOU.ltrans30.ltrans.o
                0x00000000000a2e91                os_vTick_Task
 .text          0x00000000000a355b      0x218 C:\Users\asus\AppData\Local\Temp\ccVXzqOU.ltrans31.ltrans.o
                0x00000000000a3663                zps_bAplZdoZdoClient
 .text          0x00000000000a3773       0x25 c:/nxp/bstudio_nxp/sdk/tools/ba-elf-ba2-r36379/bin/../lib/gcc/ba-elf/4.7.4/../../../../ba-elf/lib/mcpu_jn51xx_sizeopt\libc.a(lib_a-memcmp.o)
                0x00000000000a3773                memcmp
 .text          0x00000000000a3798       0x19 c:/nxp/bstudio_nxp/sdk/tools/ba-elf-ba2-r36379/bin/../lib/gcc/ba-elf/4.7.4/../../../../ba-elf/lib/mcpu_jn51xx_sizeopt\libc.a(lib_a-memcpy.o)
 .text          0x00000000000a37b1       0x12 c:/nxp/bstudio_nxp/sdk/tools/ba-elf-ba2-r36379/bin/../lib/gcc/ba-elf/4.7.4/../../../../ba-elf/lib/mcpu_jn51xx_sizeopt\libc.a(lib_a-memset.o)
                0x00000000000a37b1                memset
 .text          0x00000000000a37c3       0x12 c:/nxp/bstudio_nxp/sdk/tools/ba-elf-ba2-r36379/bin/../lib/gcc/ba-elf/4.7.4/../../../../ba-elf/lib/mcpu_jn51xx_sizeopt\libc.a(lib_a-strlen.o)
                0x00000000000a37c3                strlen
 .text          0x00000000000a37d5       0x2b c:/nxp/bstudio_nxp/sdk/tools/ba-elf-ba2-r36379/bin/../lib/gcc/ba-elf/4.7.4/../../../../ba-elf/lib/mcpu_jn51xx_sizeopt\libc.a(lib_a-strncpy.o)
                0x00000000000a37d5                strncpy
 *fill*         0x00000000000a3800        0x0 00
 .text          0x00000000000a3800      0x204 c:/nxp/bstudio_nxp/sdk/tools/ba-elf-ba2-r36379/bin/../lib/gcc/ba-elf/4.7.4/mcpu_jn51xx_sizeopt\libgcc.a(__udivsi3.o)
                0x00000000000a3800                __udivsi3
 .text          0x00000000000a3a04       0x30 c:/nxp/bstudio_nxp/sdk/tools/ba-elf-ba2-r36379/bin/../lib/gcc/ba-elf/4.7.4/mcpu_jn51xx_sizeopt\libgcc.a(__divsi3.o)
                0x00000000000a3a04                __divsi3
 .text          0x00000000000a3a34      0x1b0 c:/nxp/bstudio_nxp/sdk/tools/ba-elf-ba2-r36379/bin/../lib/gcc/ba-elf/4.7.4/mcpu_jn51xx_sizeopt\libgcc.a(__umodsi3.o)
                0x00000000000a3a34                __umodsi3
 .text          0x00000000000a3be4       0x24 c:/nxp/bstudio_nxp/sdk/tools/ba-elf-ba2-r36379/bin/../lib/gcc/ba-elf/4.7.4/mcpu_jn51xx_sizeopt\libgcc.a(__modsi3.o)
                0x00000000000a3be4                __modsi3
 .text          0x00000000000a3c08       0x39 c:/nxp/bstudio_nxp/sdk/tools/ba-elf-ba2-r36379/bin/../lib/gcc/ba-elf/4.7.4/mcpu_jn51xx_sizeopt\libgcc.a(_fixunsdfsi.o)
                0x00000000000a3c08                __fixunsdfsi
 .text          0x00000000000a3c41      0x3bd c:/nxp/bstudio_nxp/sdk/tools/ba-elf-ba2-r36379/bin/../lib/gcc/ba-elf/4.7.4/mcpu_jn51xx_sizeopt\libgcc.a(_divdi3.o)
                0x00000000000a3c41                __divdi3
 .text          0x00000000000a3ffe      0x350 c:/nxp/bstudio_nxp/sdk/tools/ba-elf-ba2-r36379/bin/../lib/gcc/ba-elf/4.7.4/mcpu_jn51xx_sizeopt\libgcc.a(_udivdi3.o)
                0x00000000000a3ffe                __udivdi3
 .text          0x00000000000a434e      0x384 c:/nxp/bstudio_nxp/sdk/tools/ba-elf-ba2-r36379/bin/../lib/gcc/ba-elf/4.7.4/mcpu_jn51xx_sizeopt\libgcc.a(addsf3.o)
                0x00000000000a434e                __addsf3
 *fill*         0x00000000000a46d2        0x2 00
 .text          0x00000000000a46d4      0x218 c:/nxp/bstudio_nxp/sdk/tools/ba-elf-ba2-r36379/bin/../lib/gcc/ba-elf/4.7.4/mcpu_jn51xx_sizeopt\libgcc.a(divsf3.o)
                0x00000000000a46d4                __divsf3
 .text          0x00000000000a48ec       0x81 c:/nxp/bstudio_nxp/sdk/tools/ba-elf-ba2-r36379/bin/../lib/gcc/ba-elf/4.7.4/mcpu_jn51xx_sizeopt\libgcc.a(eqsf2.o)
                0x00000000000a48ec                __eqsf2
                0x00000000000a48ec                __nesf2
 .text          0x00000000000a496d       0xac c:/nxp/bstudio_nxp/sdk/tools/ba-elf-ba2-r36379/bin/../lib/gcc/ba-elf/4.7.4/mcpu_jn51xx_sizeopt\libgcc.a(gesf2.o)
                0x00000000000a496d                __gesf2
                0x00000000000a496d                __gtsf2
 .text          0x00000000000a4a19       0xac c:/nxp/bstudio_nxp/sdk/tools/ba-elf-ba2-r36379/bin/../lib/gcc/ba-elf/4.7.4/mcpu_jn51xx_sizeopt\libgcc.a(lesf2.o)
                0x00000000000a4a19                __ltsf2
                0x00000000000a4a19                __lesf2
 *fill*         0x00000000000a4ac5        0x3 00
 .text          0x00000000000a4ac8      0x24c c:/nxp/bstudio_nxp/sdk/tools/ba-elf-ba2-r36379/bin/../lib/gcc/ba-elf/4.7.4/mcpu_jn51xx_sizeopt\libgcc.a(mulsf3.o)
                0x00000000000a4ac8                __mulsf3
 .text          0x00000000000a4d14      0x3a2 c:/nxp/bstudio_nxp/sdk/tools/ba-elf-ba2-r36379/bin/../lib/gcc/ba-elf/4.7.4/mcpu_jn51xx_sizeopt\libgcc.a(subsf3.o)
                0x00000000000a4d14                __subsf3
 .text          0x00000000000a50b6       0x53 c:/nxp/bstudio_nxp/sdk/tools/ba-elf-ba2-r36379/bin/../lib/gcc/ba-elf/4.7.4/mcpu_jn51xx_sizeopt\libgcc.a(fixsfsi.o)
                0x00000000000a50b6                __fixsfsi
 .text          0x00000000000a5109       0xad c:/nxp/bstudio_nxp/sdk/tools/ba-elf-ba2-r36379/bin/../lib/gcc/ba-elf/4.7.4/mcpu_jn51xx_sizeopt\libgcc.a(floatunsisf.o)
                0x00000000000a5109                __floatunsisf
 .text          0x00000000000a51b6      0x682 c:/nxp/bstudio_nxp/sdk/tools/ba-elf-ba2-r36379/bin/../lib/gcc/ba-elf/4.7.4/mcpu_jn51xx_sizeopt\libgcc.a(adddf3.o)
                0x00000000000a51b6                __adddf3
 .text          0x00000000000a5838      0x5c8 c:/nxp/bstudio_nxp/sdk/tools/ba-elf-ba2-r36379/bin/../lib/gcc/ba-elf/4.7.4/mcpu_jn51xx_sizeopt\libgcc.a(divdf3.o)
                0x00000000000a5838                __divdf3
 .text          0x00000000000a5e00       0xca c:/nxp/bstudio_nxp/sdk/tools/ba-elf-ba2-r36379/bin/../lib/gcc/ba-elf/4.7.4/mcpu_jn51xx_sizeopt\libgcc.a(gedf2.o)
                0x00000000000a5e00                __gedf2
                0x00000000000a5e00                __gtdf2
 *fill*         0x00000000000a5eca        0x2 00
 .text          0x00000000000a5ecc      0x488 c:/nxp/bstudio_nxp/sdk/tools/ba-elf-ba2-r36379/bin/../lib/gcc/ba-elf/4.7.4/mcpu_jn51xx_sizeopt\libgcc.a(muldf3.o)
                0x00000000000a5ecc                __muldf3
 .text          0x00000000000a6354      0x693 c:/nxp/bstudio_nxp/sdk/tools/ba-elf-ba2-r36379/bin/../lib/gcc/ba-elf/4.7.4/mcpu_jn51xx_sizeopt\libgcc.a(subdf3.o)
                0x00000000000a6354                __subdf3
 .text          0x00000000000a69e7       0x64 c:/nxp/bstudio_nxp/sdk/tools/ba-elf-ba2-r36379/bin/../lib/gcc/ba-elf/4.7.4/mcpu_jn51xx_sizeopt\libgcc.a(fixdfsi.o)
                0x00000000000a69e7                __fixdfsi
 .text          0x00000000000a6a4b       0x8f c:/nxp/bstudio_nxp/sdk/tools/ba-elf-ba2-r36379/bin/../lib/gcc/ba-elf/4.7.4/mcpu_jn51xx_sizeopt\libgcc.a(extendsfdf2.o)
                0x00000000000a6a4b                __extendsfdf2
 .text          0x00000000000a6ada      0x13e c:/nxp/bstudio_nxp/sdk/tools/ba-elf-ba2-r36379/bin/../lib/gcc/ba-elf/4.7.4/mcpu_jn51xx_sizeopt\libgcc.a(truncdfsf2.o)
                0x00000000000a6ada                __truncdfsf2
 .text          0x00000000000a6c18      0x1d0 c:/NXP/bstudio_nxp/Application/JN-AN-1189-ZigBee-HA-Demo/ColorDimmableLight/Build/os_irq.o
                0x00000000000a6c18                os_ExternalException_W
                0x00000000000a6c5c                os_PIC_ChannelPriorities
                0x00000000000a6c6c                os_OSMIUM_HwVectTable
                0x00000000000a6ca8                os_PIC_SwVectTable
 .text          0x00000000000a6de8       0x29 c:/NXP/bstudio_nxp/Application/JN-AN-1189-ZigBee-HA-Demo/ColorDimmableLight/Build/os_irq_alignment.o
                0x00000000000a6de8                IRQ_Alignment
 .text          0x00000000000a6e11       0x29 c:/NXP/bstudio_nxp/Application/JN-AN-1189-ZigBee-HA-Demo/ColorDimmableLight/Build/os_irq_buserror.o
                0x00000000000a6e11                IRQ_BusError
 .text          0x00000000000a6e3a       0x29 c:/NXP/bstudio_nxp/Application/JN-AN-1189-ZigBee-HA-Demo/ColorDimmableLight/Build/os_irq_illegalinstruction.o
                0x00000000000a6e3a                IRQ_IllegalInstruction
 .text          0x00000000000a6e63       0x29 c:/NXP/bstudio_nxp/Application/JN-AN-1189-ZigBee-HA-Demo/ColorDimmableLight/Build/os_irq_stackoverflowexception.o
                0x00000000000a6e63                IRQ_StackOverflowException
 .text          0x00000000000a6e8c       0x29 c:/NXP/bstudio_nxp/Application/JN-AN-1189-ZigBee-HA-Demo/ColorDimmableLight/Build/os_irq_unimplementedmodule.o
                0x00000000000a6e8c                IRQ_UnimplementedModule
 *fill*         0x00000000000a6eb5        0x3 00